Archive member included to satisfy reference by file (symbol)

C:/ST/STM32CubeIDE_1.12.1/STM32CubeIDE/plugins/com.st.stm32cube.ide.mcu.externaltools.gnu-tools-for-stm32.12.3.rel1.win32_1.0.200.202406191623/tools/bin/../lib/gcc/arm-none-eabi/12.3.1/../../../../arm-none-eabi/lib/thumb/v6-m/nofp\libc_nano.a(libc_a-exit.o)
                              C:/ST/STM32CubeIDE_1.12.1/STM32CubeIDE/plugins/com.st.stm32cube.ide.mcu.externaltools.gnu-tools-for-stm32.12.3.rel1.win32_1.0.200.202406191623/tools/bin/../lib/gcc/arm-none-eabi/12.3.1/../../../../arm-none-eabi/lib/thumb/v6-m/nofp/crt0.o (exit)
C:/ST/STM32CubeIDE_1.12.1/STM32CubeIDE/plugins/com.st.stm32cube.ide.mcu.externaltools.gnu-tools-for-stm32.12.3.rel1.win32_1.0.200.202406191623/tools/bin/../lib/gcc/arm-none-eabi/12.3.1/../../../../arm-none-eabi/lib/thumb/v6-m/nofp\libc_nano.a(libc_a-findfp.o)
                              C:/ST/STM32CubeIDE_1.12.1/STM32CubeIDE/plugins/com.st.stm32cube.ide.mcu.externaltools.gnu-tools-for-stm32.12.3.rel1.win32_1.0.200.202406191623/tools/bin/../lib/gcc/arm-none-eabi/12.3.1/../../../../arm-none-eabi/lib/thumb/v6-m/nofp\libc_nano.a(libc_a-exit.o) (__stdio_exit_handler)
C:/ST/STM32CubeIDE_1.12.1/STM32CubeIDE/plugins/com.st.stm32cube.ide.mcu.externaltools.gnu-tools-for-stm32.12.3.rel1.win32_1.0.200.202406191623/tools/bin/../lib/gcc/arm-none-eabi/12.3.1/../../../../arm-none-eabi/lib/thumb/v6-m/nofp\libc_nano.a(libc_a-fwalk.o)
                              C:/ST/STM32CubeIDE_1.12.1/STM32CubeIDE/plugins/com.st.stm32cube.ide.mcu.externaltools.gnu-tools-for-stm32.12.3.rel1.win32_1.0.200.202406191623/tools/bin/../lib/gcc/arm-none-eabi/12.3.1/../../../../arm-none-eabi/lib/thumb/v6-m/nofp\libc_nano.a(libc_a-findfp.o) (_fwalk_sglue)
C:/ST/STM32CubeIDE_1.12.1/STM32CubeIDE/plugins/com.st.stm32cube.ide.mcu.externaltools.gnu-tools-for-stm32.12.3.rel1.win32_1.0.200.202406191623/tools/bin/../lib/gcc/arm-none-eabi/12.3.1/../../../../arm-none-eabi/lib/thumb/v6-m/nofp\libc_nano.a(libc_a-stdio.o)
                              C:/ST/STM32CubeIDE_1.12.1/STM32CubeIDE/plugins/com.st.stm32cube.ide.mcu.externaltools.gnu-tools-for-stm32.12.3.rel1.win32_1.0.200.202406191623/tools/bin/../lib/gcc/arm-none-eabi/12.3.1/../../../../arm-none-eabi/lib/thumb/v6-m/nofp\libc_nano.a(libc_a-findfp.o) (__sread)
C:/ST/STM32CubeIDE_1.12.1/STM32CubeIDE/plugins/com.st.stm32cube.ide.mcu.externaltools.gnu-tools-for-stm32.12.3.rel1.win32_1.0.200.202406191623/tools/bin/../lib/gcc/arm-none-eabi/12.3.1/../../../../arm-none-eabi/lib/thumb/v6-m/nofp\libc_nano.a(libc_a-memset.o)
                              C:/ST/STM32CubeIDE_1.12.1/STM32CubeIDE/plugins/com.st.stm32cube.ide.mcu.externaltools.gnu-tools-for-stm32.12.3.rel1.win32_1.0.200.202406191623/tools/bin/../lib/gcc/arm-none-eabi/12.3.1/../../../../arm-none-eabi/lib/thumb/v6-m/nofp/crt0.o (memset)
C:/ST/STM32CubeIDE_1.12.1/STM32CubeIDE/plugins/com.st.stm32cube.ide.mcu.externaltools.gnu-tools-for-stm32.12.3.rel1.win32_1.0.200.202406191623/tools/bin/../lib/gcc/arm-none-eabi/12.3.1/../../../../arm-none-eabi/lib/thumb/v6-m/nofp\libc_nano.a(libc_a-closer.o)
                              C:/ST/STM32CubeIDE_1.12.1/STM32CubeIDE/plugins/com.st.stm32cube.ide.mcu.externaltools.gnu-tools-for-stm32.12.3.rel1.win32_1.0.200.202406191623/tools/bin/../lib/gcc/arm-none-eabi/12.3.1/../../../../arm-none-eabi/lib/thumb/v6-m/nofp\libc_nano.a(libc_a-stdio.o) (_close_r)
C:/ST/STM32CubeIDE_1.12.1/STM32CubeIDE/plugins/com.st.stm32cube.ide.mcu.externaltools.gnu-tools-for-stm32.12.3.rel1.win32_1.0.200.202406191623/tools/bin/../lib/gcc/arm-none-eabi/12.3.1/../../../../arm-none-eabi/lib/thumb/v6-m/nofp\libc_nano.a(libc_a-reent.o)
                              C:/ST/STM32CubeIDE_1.12.1/STM32CubeIDE/plugins/com.st.stm32cube.ide.mcu.externaltools.gnu-tools-for-stm32.12.3.rel1.win32_1.0.200.202406191623/tools/bin/../lib/gcc/arm-none-eabi/12.3.1/../../../../arm-none-eabi/lib/thumb/v6-m/nofp\libc_nano.a(libc_a-closer.o) (errno)
C:/ST/STM32CubeIDE_1.12.1/STM32CubeIDE/plugins/com.st.stm32cube.ide.mcu.externaltools.gnu-tools-for-stm32.12.3.rel1.win32_1.0.200.202406191623/tools/bin/../lib/gcc/arm-none-eabi/12.3.1/../../../../arm-none-eabi/lib/thumb/v6-m/nofp\libc_nano.a(libc_a-impure.o)
                              C:/ST/STM32CubeIDE_1.12.1/STM32CubeIDE/plugins/com.st.stm32cube.ide.mcu.externaltools.gnu-tools-for-stm32.12.3.rel1.win32_1.0.200.202406191623/tools/bin/../lib/gcc/arm-none-eabi/12.3.1/../../../../arm-none-eabi/lib/thumb/v6-m/nofp\libc_nano.a(libc_a-reent.o) (_impure_ptr)
C:/ST/STM32CubeIDE_1.12.1/STM32CubeIDE/plugins/com.st.stm32cube.ide.mcu.externaltools.gnu-tools-for-stm32.12.3.rel1.win32_1.0.200.202406191623/tools/bin/../lib/gcc/arm-none-eabi/12.3.1/../../../../arm-none-eabi/lib/thumb/v6-m/nofp\libc_nano.a(libc_a-lseekr.o)
[...]
Memory Configuration

Name             Origin             Length             Attributes
RAM              0x20000000         0x00002000         xrw
FLASH            0x08000000         0x00010000         xr
*default*        0x00000000         0xffffffff

Linker script and memory map

LOAD C:/ST/STM32CubeIDE_1.12.1/STM32CubeIDE/plugins/com.st.stm32cube.ide.mcu.externaltools.gnu-tools-for-stm32.12.3.rel1.win32_1.0.200.202406191623/tools/bin/../lib/gcc/arm-none-eabi/12.3.1/thumb/v6-m/nofp/crti.o
LOAD C:/ST/STM32CubeIDE_1.12.1/STM32CubeIDE/plugins/com.st.stm32cube.ide.mcu.externaltools.gnu-tools-for-stm32.12.3.rel1.win32_1.0.200.202406191623/tools/bin/../lib/gcc/arm-none-eabi/12.3.1/thumb/v6-m/nofp/crtbegin.o
LOAD C:/ST/STM32CubeIDE_1.12.1/STM32CubeIDE/plugins/com.st.stm32cube.ide.mcu.externaltools.gnu-tools-for-stm32.12.3.rel1.win32_1.0.200.202406191623/tools/bin/../lib/gcc/arm-none-eabi/12.3.1/../../../../arm-none-eabi/lib/thumb/v6-m/nofp/crt0.o
LOAD ./Core/Src/AT42QT1070_BC.o
LOAD ./Core/Src/NAU8315YG.o
LOAD ./Core/Src/W25Qxxx.o
LOAD ./Core/Src/alarm.o
LOAD ./Core/Src/main.o
LOAD ./Core/Src/sevSeg_shift_BC.o
LOAD ./Core/Src/stm32g0xx_hal_msp.o
LOAD ./Core/Src/stm32g0xx_it.o
LOAD ./Core/Src/syscalls.o
LOAD ./Core/Src/sysmem.o
LOAD ./Core/Src/system_stm32g0xx.o
LOAD ./Core/Startup/startup_stm32g031c8tx.o
LOAD ./Drivers/STM32G0xx_HAL_Driver/Src/stm32g0xx_hal.o
LOAD ./Drivers/STM32G0xx_HAL_Driver/Src/stm32g0xx_hal_cortex.o
LOAD ./Drivers/STM32G0xx_HAL_Driver/Src/stm32g0xx_hal_dma.o
LOAD ./Drivers/STM32G0xx_HAL_Driver/Src/stm32g0xx_hal_dma_ex.o
LOAD ./Drivers/STM32G0xx_HAL_Driver/Src/stm32g0xx_hal_exti.o
LOAD ./Drivers/STM32G0xx_HAL_Driver/Src/stm32g0xx_hal_flash.o
LOAD ./Drivers/STM32G0xx_HAL_Driver/Src/stm32g0xx_hal_flash_ex.o
LOAD ./Drivers/STM32G0xx_HAL_Driver/Src/stm32g0xx_hal_gpio.o
LOAD ./Drivers/STM32G0xx_HAL_Driver/Src/stm32g0xx_hal_i2c.o
LOAD ./Drivers/STM32G0xx_HAL_Driver/Src/stm32g0xx_hal_i2c_ex.o
LOAD ./Drivers/STM32G0xx_HAL_Driver/Src/stm32g0xx_hal_i2s.o
LOAD ./Drivers/STM32G0xx_HAL_Driver/Src/stm32g0xx_hal_pwr.o
LOAD ./Drivers/STM32G0xx_HAL_Driver/Src/stm32g0xx_hal_pwr_ex.o
LOAD ./Drivers/STM32G0xx_HAL_Driver/Src/stm32g0xx_hal_rcc.o
LOAD ./Drivers/STM32G0xx_HAL_Driver/Src/stm32g0xx_hal_rcc_ex.o
LOAD ./Drivers/STM32G0xx_HAL_Driver/Src/stm32g0xx_hal_rtc.o
LOAD ./Drivers/STM32G0xx_HAL_Driver/Src/stm32g0xx_hal_rtc_ex.o
LOAD ./Drivers/STM32G0xx_HAL_Driver/Src/stm32g0xx_hal_spi.o
LOAD ./Drivers/STM32G0xx_HAL_Driver/Src/stm32g0xx_hal_spi_ex.o
LOAD ./Drivers/STM32G0xx_HAL_Driver/Src/stm32g0xx_hal_tim.o
LOAD ./Drivers/STM32G0xx_HAL_Driver/Src/stm32g0xx_hal_tim_ex.o
LOAD ./Drivers/STM32G0xx_HAL_Driver/Src/stm32g0xx_ll_rcc.o
START GROUP
LOAD C:/ST/STM32CubeIDE_1.12.1/STM32CubeIDE/plugins/com.st.stm32cube.ide.mcu.externaltools.gnu-tools-for-stm32.12.3.rel1.win32_1.0.200.202406191623/tools/bin/../lib/gcc/arm-none-eabi/12.3.1/../../../../arm-none-eabi/lib/thumb/v6-m/nofp\libc_nano.a
LOAD C:/ST/STM32CubeIDE_1.12.1/STM32CubeIDE/plugins/com.st.stm32cube.ide.mcu.externaltools.gnu-tools-for-stm32.12.3.rel1.win32_1.0.200.202406191623/tools/bin/../lib/gcc/arm-none-eabi/12.3.1/../../../../arm-none-eabi/lib/thumb/v6-m/nofp\libm.a
END GROUP
START GROUP
LOAD C:/ST/STM32CubeIDE_1.12.1/STM32CubeIDE/plugins/com.st.stm32cube.ide.mcu.externaltools.gnu-tools-for-stm32.12.3.rel1.win32_1.0.200.202406191623/tools/bin/../lib/gcc/arm-none-eabi/12.3.1/thumb/v6-m/nofp\libgcc.a
LOAD C:/ST/STM32CubeIDE_1.12.1/STM32CubeIDE/plugins/com.st.stm32cube.ide.mcu.externaltools.gnu-tools-for-stm32.12.3.rel1.win32_1.0.200.202406191623/tools/bin/../lib/gcc/arm-none-eabi/12.3.1/../../../../arm-none-eabi/lib/thumb/v6-m/nofp\libc_nano.a
END GROUP
START GROUP
LOAD C:/ST/STM32CubeIDE_1.12.1/STM32CubeIDE/plugins/com.st.stm32cube.ide.mcu.externaltools.gnu-tools-for-stm32.12.3.rel1.win32_1.0.200.202406191623/tools/bin/../lib/gcc/arm-none-eabi/12.3.1/thumb/v6-m/nofp\libgcc.a
LOAD C:/ST/STM32CubeIDE_1.12.1/STM32CubeIDE/plugins/com.st.stm32cube.ide.mcu.externaltools.gnu-tools-for-stm32.12.3.rel1.win32_1.0.200.202406191623/tools/bin/../lib/gcc/arm-none-eabi/12.3.1/../../../../arm-none-eabi/lib/thumb/v6-m/nofp\libc_nano.a
LOAD C:/ST/STM32CubeIDE_1.12.1/STM32CubeIDE/plugins/com.st.stm32cube.ide.mcu.externaltools.gnu-tools-for-stm32.12.3.rel1.win32_1.0.200.202406191623/tools/bin/../lib/gcc/arm-none-eabi/12.3.1/../../../../arm-none-eabi/lib/thumb/v6-m/nofp\libnosys.a
END GROUP
START GROUP
LOAD C:/ST/STM32CubeIDE_1.12.1/STM32CubeIDE/plugins/com.st.stm32cube.ide.mcu.externaltools.gnu-tools-for-stm32.12.3.rel1.win32_1.0.200.202406191623/tools/bin/../lib/gcc/arm-none-eabi/12.3.1/thumb/v6-m/nofp\libgcc.a
LOAD C:/ST/STM32CubeIDE_1.12.1/STM32CubeIDE/plugins/com.st.stm32cube.ide.mcu.externaltools.gnu-tools-for-stm32.12.3.rel1.win32_1.0.200.202406191623/tools/bin/../lib/gcc/arm-none-eabi/12.3.1/../../../../arm-none-eabi/lib/thumb/v6-m/nofp\libc_nano.a
LOAD C:/ST/STM32CubeIDE_1.12.1/STM32CubeIDE/plugins/com.st.stm32cube.ide.mcu.externaltools.gnu-tools-for-stm32.12.3.rel1.win32_1.0.200.202406191623/tools/bin/../lib/gcc/arm-none-eabi/12.3.1/../../../../arm-none-eabi/lib/thumb/v6-m/nofp\libnosys.a
END GROUP
LOAD C:/ST/STM32CubeIDE_1.12.1/STM32CubeIDE/plugins/com.st.stm32cube.ide.mcu.externaltools.gnu-tools-for-stm32.12.3.rel1.win32_1.0.200.202406191623/tools/bin/../lib/gcc/arm-none-eabi/12.3.1/thumb/v6-m/nofp/crtend.o
LOAD C:/ST/STM32CubeIDE_1.12.1/STM32CubeIDE/plugins/com.st.stm32cube.ide.mcu.externaltools.gnu-tools-for-stm32.12.3.rel1.win32_1.0.200.202406191623/tools/bin/../lib/gcc/arm-none-eabi/12.3.1/thumb/v6-m/nofp/crtn.o
                0x20002000                        _estack = (ORIGIN (RAM) + LENGTH (RAM))
                0x00000200                        _Min_Heap_Size = 0x200
                0x00000400                        _Min_Stack_Size = 0x400

.isr_vector     0x08000000       0xbc
                0x08000000                        . = ALIGN (0x4)
 *(.isr_vector)
 .isr_vector    0x08000000       0xbc ./Core/Startup/startup_stm32g031c8tx.o
                0x08000000                g_pfnVectors
                0x080000bc                        . = ALIGN (0x4)

.text           0x080000bc     0x73c8
                0x080000bc                        . = ALIGN (0x4)
 *(.text)
 .text          0x080000bc       0x48 C:/ST/STM32CubeIDE_1.12.1/STM32CubeIDE/plugins/com.st.stm32cube.ide.mcu.externaltools.gnu-tools-for-stm32.12.3.rel1.win32_1.0.200.202406191623/tools/bin/../lib/gcc/arm-none-eabi/12.3.1/thumb/v6-m/nofp/crtbegin.o
 .text          0x08000104      0x114 C:/ST/STM32CubeIDE_1.12.1/STM32CubeIDE/plugins/com.st.stm32cube.ide.mcu.externaltools.gnu-tools-for-stm32.12.3.rel1.win32_1.0.200.202406191623/tools/bin/../lib/gcc/arm-none-eabi/12.3.1/thumb/v6-m/nofp\libgcc.a(_udivsi3.o)
                0x08000104                __aeabi_uidiv
                0x08000104                __udivsi3
                0x08000210                __aeabi_uidivmod
 .text          0x08000218        0x4 C:/ST/STM32CubeIDE_1.12.1/STM32CubeIDE/plugins/com.st.stm32cube.ide.mcu.externaltools.gnu-tools-for-stm32.12.3.rel1.win32_1.0.200.202406191623/tools/bin/../lib/gcc/arm-none-eabi/12.3.1/thumb/v6-m/nofp\libgcc.a(_dvmd_tls.o)
                0x08000218                __aeabi_idiv0
                0x08000218                __aeabi_ldiv0
 *(.text*)
 .text.capTouch_Init
                0x0800021c      0x208 ./Core/Src/AT42QT1070_BC.o
                0x0800021c                capTouch_Init
 .text.capTouch_ReadDeviceID
                0x08000424       0x84 ./Core/Src/AT42QT1070_BC.o
                0x08000424                capTouch_ReadDeviceID
 .text.capTouch_Recalibrate
                0x080004a8       0x42 ./Core/Src/AT42QT1070_BC.o
                0x080004a8                capTouch_Recalibrate
 *fill*         0x080004ea        0x2 
 .text.capTouch_checkCal
                0x080004ec       0x88 ./Core/Src/AT42QT1070_BC.o
                0x080004ec                capTouch_checkCal
 .text.capTouch_readChannels
                0x08000574       0x88 ./Core/Src/AT42QT1070_BC.o
                0x08000574                capTouch_readChannels
 .text.capTouch_enableKeys
                0x080005fc      0x108 ./Core/Src/AT42QT1070_BC.o
                0x080005fc                capTouch_enableKeys
 .text.capTouch_SetAveragingFactor
                0x08000704      0x194 ./Core/Src/AT42QT1070_BC.o
                0x08000704                capTouch_SetAveragingFactor
 .text.capTouch_SetDetectionIntegrator
                0x08000898       0xe4 ./Core/Src/AT42QT1070_BC.o
                0x08000898                capTouch_SetDetectionIntegrator
 .text.initRTCInternalAlarm
                0x0800097c       0xd4 ./Core/Src/alarm.o
                0x0800097c                initRTCInternalAlarm
 .text.getRTCTime
                0x08000a50       0x2c ./Core/Src/alarm.o
                0x08000a50                getRTCTime
 .text.main     0x08000a7c      0x304 ./Core/Src/main.o
                0x08000a7c                main
 .text.SystemClock_Config
                0x08000d80       0xd8 ./Core/Src/main.o
                0x08000d80                SystemClock_Config
 .text.MX_I2C1_Init
                0x08000e58       0x80 ./Core/Src/main.o
 .text.MX_I2S1_Init
                0x08000ed8       0x54 ./Core/Src/main.o
 .text.MX_RTC_Init
                0x08000f2c       0xf4 ./Core/Src/main.o
 .text.MX_SPI2_Init
                0x08001020       0x7c ./Core/Src/main.o
 .text.MX_TIM2_Init
                0x0800109c       0xc0 ./Core/Src/main.o
 .text.MX_TIM14_Init
                0x0800115c       0x4c ./Core/Src/main.o
 .text.MX_TIM16_Init
                0x080011a8       0x54 ./Core/Src/main.o
 .text.MX_DMA_Init
                0x080011fc       0x4c ./Core/Src/main.o
 .text.MX_GPIO_Init
                0x08001248      0x224 ./Core/Src/main.o
 .text.updateAndDisplayTime
                0x0800146c       0x74 ./Core/Src/main.o
                0x0800146c                updateAndDisplayTime
 .text.updateAndDisplayAlarm
                0x080014e0       0x60 ./Core/Src/main.o
                0x080014e0                updateAndDisplayAlarm
 .text.HAL_RTC_AlarmAEventCallback
                0x08001540       0xa0 ./Core/Src/main.o
                0x08001540                HAL_RTC_AlarmAEventCallback
 .text.userAlarmBeep
                0x080015e0      0x174 ./Core/Src/main.o
                0x080015e0                userAlarmBeep
 .text.HAL_GPIO_EXTI_Falling_Callback
                0x08001754       0xa8 ./Core/Src/main.o
                0x08001754                HAL_GPIO_EXTI_Falling_Callback
 .text.HAL_GPIO_EXTI_Rising_Callback
                0x080017fc       0x22 ./Core/Src/main.o
                0x080017fc                HAL_GPIO_EXTI_Rising_Callback
 *fill*         0x0800181e        0x2 
 .text.HAL_TIM_PeriodElapsedCallback
                0x08001820       0x30 ./Core/Src/main.o
                0x08001820                HAL_TIM_PeriodElapsedCallback
 .text.displayButtonISR
                0x08001850       0x50 ./Core/Src/main.o
                0x08001850                displayButtonISR
 .text.alarmEnableISR
                0x080018a0       0x54 ./Core/Src/main.o
                0x080018a0                alarmEnableISR
 .text.alarmSetISR
                0x080018f4      0x180 ./Core/Src/main.o
                0x080018f4                alarmSetISR
 .text.hourSetISR
                0x08001a74       0x58 ./Core/Src/main.o
                0x08001a74                hourSetISR
 .text.minuteSetISR
                0x08001acc       0xa4 ./Core/Src/main.o
                0x08001acc                minuteSetISR
 .text.timeFormatSwitchISR
                0x08001b70       0x50 ./Core/Src/main.o
                0x08001b70                timeFormatSwitchISR
 .text.alarmHourInc
                0x08001bc0       0x60 ./Core/Src/main.o
                0x08001bc0                alarmHourInc
 .text.currHourInc
                0x08001c20       0x80 ./Core/Src/main.o
                0x08001c20                currHourInc
 .text.alarmMinuteInc
                0x08001ca0       0x3c ./Core/Src/main.o
                0x08001ca0                alarmMinuteInc
 .text.currMinuteInc
                0x08001cdc       0x58 ./Core/Src/main.o
                0x08001cdc                currMinuteInc
 .text.dispFault
                0x08001d34       0x20 ./Core/Src/main.o
                0x08001d34                dispFault
 .text.dispFailure
                0x08001d54       0x84 ./Core/Src/main.o
                0x08001d54                dispFailure
 .text.updateRTCBackupReg
                0x08001dd8       0x54 ./Core/Src/main.o
                0x08001dd8                updateRTCBackupReg
 .text.conv2Mil
                0x08001e2c       0x6a ./Core/Src/main.o
                0x08001e2c                conv2Mil
 .text.startAudioStream
                0x08001e96        0xa ./Core/Src/main.o
                0x08001e96                startAudioStream
 .text.stopAudioStream
                0x08001ea0        0xa ./Core/Src/main.o
                0x08001ea0                stopAudioStream
 .text.Error_Handler
                0x08001eaa        0xc ./Core/Src/main.o
                0x08001eaa                Error_Handler
 *fill*         0x08001eb6        0x2 
 .text.sevSeg_Init
                0x08001eb8      0x240 ./Core/Src/sevSeg_shift_BC.o
                0x08001eb8                sevSeg_Init
 .text.sevSeg_updateDigits
                0x080020f8      0x168 ./Core/Src/sevSeg_shift_BC.o
                0x080020f8                sevSeg_updateDigits
 .text.sevSeg_setIntensity
                0x08002260       0x98 ./Core/Src/sevSeg_shift_BC.o
                0x08002260                sevSeg_setIntensity
 .text.HAL_MspInit
                0x080022f8       0x58 ./Core/Src/stm32g0xx_hal_msp.o
                0x080022f8                HAL_MspInit
 .text.HAL_I2C_MspInit
                0x08002350       0xc4 ./Core/Src/stm32g0xx_hal_msp.o
                0x08002350                HAL_I2C_MspInit
 .text.HAL_I2S_MspInit
                0x08002414      0x170 ./Core/Src/stm32g0xx_hal_msp.o
                0x08002414                HAL_I2S_MspInit
 .text.HAL_RTC_MspInit
                0x08002584       0x8c ./Core/Src/stm32g0xx_hal_msp.o
                0x08002584                HAL_RTC_MspInit
 .text.HAL_SPI_MspInit
                0x08002610      0x178 ./Core/Src/stm32g0xx_hal_msp.o
                0x08002610                HAL_SPI_MspInit
 .text.HAL_TIM_PWM_MspInit
                0x08002788       0x38 ./Core/Src/stm32g0xx_hal_msp.o
                0x08002788                HAL_TIM_PWM_MspInit
 .text.HAL_TIM_Base_MspInit
                0x080027c0       0x7c ./Core/Src/stm32g0xx_hal_msp.o
                0x080027c0                HAL_TIM_Base_MspInit
 .text.HAL_TIM_MspPostInit
                0x0800283c       0x78 ./Core/Src/stm32g0xx_hal_msp.o
                0x0800283c                HAL_TIM_MspPostInit
 .text.NMI_Handler
                0x080028b4        0x8 ./Core/Src/stm32g0xx_it.o
                0x080028b4                NMI_Handler
 .text.HardFault_Handler
                0x080028bc        0x8 ./Core/Src/stm32g0xx_it.o
                0x080028bc                HardFault_Handler
 .text.SVC_Handler
                0x080028c4        0xa ./Core/Src/stm32g0xx_it.o
                0x080028c4                SVC_Handler
 .text.PendSV_Handler
                0x080028ce        0xa ./Core/Src/stm32g0xx_it.o
                0x080028ce                PendSV_Handler
 .text.SysTick_Handler
                0x080028d8        0xe ./Core/Src/stm32g0xx_it.o
                0x080028d8                SysTick_Handler
 *fill*         0x080028e6        0x2 
 .text.RTC_TAMP_IRQHandler
                0x080028e8       0x18 ./Core/Src/stm32g0xx_it.o
                0x080028e8                RTC_TAMP_IRQHandler
 .text.RCC_IRQHandler
                0x08002900        0xa ./Core/Src/stm32g0xx_it.o
                0x08002900                RCC_IRQHandler
 .text.EXTI0_1_IRQHandler
                0x0800290a       0x16 ./Core/Src/stm32g0xx_it.o
                0x0800290a                EXTI0_1_IRQHandler
 .text.EXTI2_3_IRQHandler
                0x08002920       0x16 ./Core/Src/stm32g0xx_it.o
                0x08002920                EXTI2_3_IRQHandler
 .text.EXTI4_15_IRQHandler
                0x08002936       0x1a ./Core/Src/stm32g0xx_it.o
                0x08002936                EXTI4_15_IRQHandler
 .text.DMA1_Channel1_IRQHandler
                0x08002950       0x18 ./Core/Src/stm32g0xx_it.o
                0x08002950                DMA1_Channel1_IRQHandler
 .text.DMA1_Channel2_3_IRQHandler
                0x08002968       0x24 ./Core/Src/stm32g0xx_it.o
                0x08002968                DMA1_Channel2_3_IRQHandler
 .text.TIM16_IRQHandler
                0x0800298c       0x18 ./Core/Src/stm32g0xx_it.o
                0x0800298c                TIM16_IRQHandler
 .text.SystemInit
                0x080029a4        0xa ./Core/Src/system_stm32g0xx.o
                0x080029a4                SystemInit
 *fill*         0x080029ae        0x2 
 .text.Reset_Handler
                0x080029b0       0x50 ./Core/Startup/startup_stm32g031c8tx.o
                0x080029b0                Reset_Handler
 .text.Default_Handler
                0x08002a00        0x2 ./Core/Startup/startup_stm32g031c8tx.o
                0x08002a00                TIM1_CC_IRQHandler
                0x08002a00                PVD_IRQHandler
                0x08002a00                I2C1_IRQHandler
                0x08002a00                LPTIM2_IRQHandler
                0x08002a00                SPI1_IRQHandler
                0x08002a00                DMA1_Ch4_5_DMAMUX1_OVR_IRQHandler
                0x08002a00                ADC1_IRQHandler
                0x08002a00                I2C2_IRQHandler
                0x08002a00                TIM17_IRQHandler
                0x08002a00                TIM3_IRQHandler
                0x08002a00                Default_Handler
                0x08002a00                TIM14_IRQHandler
                0x08002a00                SPI2_IRQHandler
                0x08002a00                WWDG_IRQHandler
                0x08002a00                LPUART1_IRQHandler
                0x08002a00                TIM2_IRQHandler
                0x08002a00                USART2_IRQHandler
                0x08002a00                FLASH_IRQHandler
                0x08002a00                USART1_IRQHandler
                0x08002a00                TIM1_BRK_UP_TRG_COM_IRQHandler
                0x08002a00                LPTIM1_IRQHandler
 *fill*         0x08002a02        0x2 
 .text.HAL_Init
                0x08002a04       0x40 ./Drivers/STM32G0xx_HAL_Driver/Src/stm32g0xx_hal.o
                0x08002a04                HAL_Init
 .text.HAL_InitTick
                0x08002a44       0x94 ./Drivers/STM32G0xx_HAL_Driver/Src/stm32g0xx_hal.o
                0x08002a44                HAL_InitTick
 .text.HAL_IncTick
                0x08002ad8       0x24 ./Drivers/STM32G0xx_HAL_Driver/Src/stm32g0xx_hal.o
                0x08002ad8                HAL_IncTick
 .text.HAL_GetTick
                0x08002afc       0x14 ./Drivers/STM32G0xx_HAL_Driver/Src/stm32g0xx_hal.o
                0x08002afc                HAL_GetTick
 .text.__NVIC_EnableIRQ
                0x08002b10       0x34 ./Drivers/STM32G0xx_HAL_Driver/Src/stm32g0xx_hal_cortex.o
 .text.__NVIC_SetPriority
                0x08002b44       0xdc ./Drivers/STM32G0xx_HAL_Driver/Src/stm32g0xx_hal_cortex.o
 .text.SysTick_Config
                0x08002c20       0x48 ./Drivers/STM32G0xx_HAL_Driver/Src/stm32g0xx_hal_cortex.o
 .text.HAL_NVIC_SetPriority
                0x08002c68       0x2a ./Drivers/STM32G0xx_HAL_Driver/Src/stm32g0xx_hal_cortex.o
                0x08002c68                HAL_NVIC_SetPriority
 .text.HAL_NVIC_EnableIRQ
                0x08002c92       0x20 ./Drivers/STM32G0xx_HAL_Driver/Src/stm32g0xx_hal_cortex.o
                0x08002c92                HAL_NVIC_EnableIRQ
 .text.HAL_SYSTICK_Config
                0x08002cb2       0x1a ./Drivers/STM32G0xx_HAL_Driver/Src/stm32g0xx_hal_cortex.o
                0x08002cb2                HAL_SYSTICK_Config
 .text.HAL_DMA_Init
                0x08002ccc      0x114 ./Drivers/STM32G0xx_HAL_Driver/Src/stm32g0xx_hal_dma.o
                0x08002ccc                HAL_DMA_Init
 .text.HAL_DMA_IRQHandler
                0x08002de0      0x164 ./Drivers/STM32G0xx_HAL_Driver/Src/stm32g0xx_hal_dma.o
                0x08002de0                HAL_DMA_IRQHandler
 .text.DMA_CalcDMAMUXChannelBaseAndMask
                0x08002f44       0x58 ./Drivers/STM32G0xx_HAL_Driver/Src/stm32g0xx_hal_dma.o
 .text.DMA_CalcDMAMUXRequestGenBaseAndMask
                0x08002f9c       0x48 ./Drivers/STM32G0xx_HAL_Driver/Src/stm32g0xx_hal_dma.o
 .text.HAL_GPIO_Init
                0x08002fe4      0x2c8 ./Drivers/STM32G0xx_HAL_Driver/Src/stm32g0xx_hal_gpio.o
                0x08002fe4                HAL_GPIO_Init
 .text.HAL_GPIO_ReadPin
                0x080032ac       0x3a ./Drivers/STM32G0xx_HAL_Driver/Src/stm32g0xx_hal_gpio.o
                0x080032ac                HAL_GPIO_ReadPin
 .text.HAL_GPIO_WritePin
                0x080032e6       0x3a ./Drivers/STM32G0xx_HAL_Driver/Src/stm32g0xx_hal_gpio.o
                0x080032e6                HAL_GPIO_WritePin
 .text.HAL_GPIO_TogglePin
                0x08003320       0x36 ./Drivers/STM32G0xx_HAL_Driver/Src/stm32g0xx_hal_gpio.o
                0x08003320                HAL_GPIO_TogglePin
 *fill*         0x08003356        0x2 
 .text.HAL_GPIO_EXTI_IRQHandler
                0x08003358       0x54 ./Drivers/STM32G0xx_HAL_Driver/Src/stm32g0xx_hal_gpio.o
                0x08003358                HAL_GPIO_EXTI_IRQHandler
 .text.HAL_I2C_Init
                0x080033ac      0x14c ./Drivers/STM32G0xx_HAL_Driver/Src/stm32g0xx_hal_i2c.o
                0x080033ac                HAL_I2C_Init
 .text.HAL_I2C_Master_Transmit
                0x080034f8      0x254 ./Drivers/STM32G0xx_HAL_Driver/Src/stm32g0xx_hal_i2c.o
                0x080034f8                HAL_I2C_Master_Transmit
 .text.HAL_I2C_Master_Receive
                0x0800374c      0x210 ./Drivers/STM32G0xx_HAL_Driver/Src/stm32g0xx_hal_i2c.o
                0x0800374c                HAL_I2C_Master_Receive
 .text.I2C_Flush_TXDR
                0x0800395c       0x44 ./Drivers/STM32G0xx_HAL_Driver/Src/stm32g0xx_hal_i2c.o
 .text.I2C_WaitOnFlagUntilTimeout
                0x080039a0       0xb0 ./Drivers/STM32G0xx_HAL_Driver/Src/stm32g0xx_hal_i2c.o
 .text.I2C_WaitOnTXISFlagUntilTimeout
                0x08003a50       0x8c ./Drivers/STM32G0xx_HAL_Driver/Src/stm32g0xx_hal_i2c.o
 .text.I2C_WaitOnSTOPFlagUntilTimeout
                0x08003adc       0x86 ./Drivers/STM32G0xx_HAL_Driver/Src/stm32g0xx_hal_i2c.o
 *fill*         0x08003b62        0x2 
 .text.I2C_WaitOnRXNEFlagUntilTimeout
                0x08003b64      0x13c ./Drivers/STM32G0xx_HAL_Driver/Src/stm32g0xx_hal_i2c.o
 .text.I2C_IsErrorOccurred
                0x08003ca0      0x1f0 ./Drivers/STM32G0xx_HAL_Driver/Src/stm32g0xx_hal_i2c.o
 .text.I2C_TransferConfig
                0x08003e90       0x74 ./Drivers/STM32G0xx_HAL_Driver/Src/stm32g0xx_hal_i2c.o
 .text.HAL_I2CEx_ConfigAnalogFilter
                0x08003f04       0x98 ./Drivers/STM32G0xx_HAL_Driver/Src/stm32g0xx_hal_i2c_ex.o
                0x08003f04                HAL_I2CEx_ConfigAnalogFilter
 .text.HAL_I2CEx_ConfigDigitalFilter
                0x08003f9c       0x98 ./Drivers/STM32G0xx_HAL_Driver/Src/stm32g0xx_hal_i2c_ex.o
                0x08003f9c                HAL_I2CEx_ConfigDigitalFilter
 .text.HAL_I2S_Init
                0x08004034      0x1ec ./Drivers/STM32G0xx_HAL_Driver/Src/stm32g0xx_hal_i2s.o
                0x08004034                HAL_I2S_Init
 .text.HAL_PWR_EnableBkUpAccess
                0x08004220       0x1c ./Drivers/STM32G0xx_HAL_Driver/Src/stm32g0xx_hal_pwr.o
                0x08004220                HAL_PWR_EnableBkUpAccess
 .text.HAL_PWR_DisableBkUpAccess
                0x0800423c       0x20 ./Drivers/STM32G0xx_HAL_Driver/Src/stm32g0xx_hal_pwr.o
                0x0800423c                HAL_PWR_DisableBkUpAccess
 .text.HAL_PWREx_ControlVoltageScaling
                0x0800425c       0x80 ./Drivers/STM32G0xx_HAL_Driver/Src/stm32g0xx_hal_pwr_ex.o
                0x0800425c                HAL_PWREx_ControlVoltageScaling
 .text.LL_RCC_GetAPB1Prescaler
                0x080042dc       0x18 ./Drivers/STM32G0xx_HAL_Driver/Src/stm32g0xx_hal_rcc.o
 .text.HAL_RCC_OscConfig
                0x080042f4      0x634 ./Drivers/STM32G0xx_HAL_Driver/Src/stm32g0xx_hal_rcc.o
                0x080042f4                HAL_RCC_OscConfig
 .text.HAL_RCC_ClockConfig
                0x08004928      0x210 ./Drivers/STM32G0xx_HAL_Driver/Src/stm32g0xx_hal_rcc.o
                0x08004928                HAL_RCC_ClockConfig
 .text.HAL_RCC_GetSysClockFreq
                0x08004b38      0x100 ./Drivers/STM32G0xx_HAL_Driver/Src/stm32g0xx_hal_rcc.o
                0x08004b38                HAL_RCC_GetSysClockFreq
 .text.HAL_RCC_GetHCLKFreq
                0x08004c38       0x14 ./Drivers/STM32G0xx_HAL_Driver/Src/stm32g0xx_hal_rcc.o
                0x08004c38                HAL_RCC_GetHCLKFreq
 .text.HAL_RCC_GetPCLK1Freq
                0x08004c4c       0x2c ./Drivers/STM32G0xx_HAL_Driver/Src/stm32g0xx_hal_rcc.o
                0x08004c4c                HAL_RCC_GetPCLK1Freq
 .text.HAL_RCCEx_PeriphCLKConfig
                0x08004c78      0x2f4 ./Drivers/STM32G0xx_HAL_Driver/Src/stm32g0xx_hal_rcc_ex.o
                0x08004c78                HAL_RCCEx_PeriphCLKConfig
 .text.HAL_RCCEx_GetPeriphCLKFreq
                0x08004f6c      0x530 ./Drivers/STM32G0xx_HAL_Driver/Src/stm32g0xx_hal_rcc_ex.o
                0x08004f6c                HAL_RCCEx_GetPeriphCLKFreq
 .text.HAL_RCCEx_EnableLSCO
                0x0800549c       0xf0 ./Drivers/STM32G0xx_HAL_Driver/Src/stm32g0xx_hal_rcc_ex.o
                0x0800549c                HAL_RCCEx_EnableLSCO
 .text.HAL_RTC_Init
                0x0800558c      0x144 ./Drivers/STM32G0xx_HAL_Driver/Src/stm32g0xx_hal_rtc.o
                0x0800558c                HAL_RTC_Init
 .text.HAL_RTC_SetTime
                0x080056d0      0x150 ./Drivers/STM32G0xx_HAL_Driver/Src/stm32g0xx_hal_rtc.o
                0x080056d0                HAL_RTC_SetTime
 .text.HAL_RTC_GetTime
                0x08005820       0xb8 ./Drivers/STM32G0xx_HAL_Driver/Src/stm32g0xx_hal_rtc.o
                0x08005820                HAL_RTC_GetTime
 .text.HAL_RTC_GetDate
                0x080058d8       0x9c ./Drivers/STM32G0xx_HAL_Driver/Src/stm32g0xx_hal_rtc.o
                0x080058d8                HAL_RTC_GetDate
 .text.HAL_RTC_SetAlarm_IT
                0x08005974      0x280 ./Drivers/STM32G0xx_HAL_Driver/Src/stm32g0xx_hal_rtc.o
                0x08005974                HAL_RTC_SetAlarm_IT
 .text.HAL_RTC_GetAlarm
                0x08005bf4      0x18c ./Drivers/STM32G0xx_HAL_Driver/Src/stm32g0xx_hal_rtc.o
                0x08005bf4                HAL_RTC_GetAlarm
 .text.HAL_RTC_AlarmIRQHandler
                0x08005d80       0x7c ./Drivers/STM32G0xx_HAL_Driver/Src/stm32g0xx_hal_rtc.o
                0x08005d80                HAL_RTC_AlarmIRQHandler
 .text.HAL_RTC_WaitForSynchro
                0x08005dfc       0x4c ./Drivers/STM32G0xx_HAL_Driver/Src/stm32g0xx_hal_rtc.o
                0x08005dfc                HAL_RTC_WaitForSynchro
 .text.RTC_EnterInitMode
                0x08005e48       0x84 ./Drivers/STM32G0xx_HAL_Driver/Src/stm32g0xx_hal_rtc.o
                0x08005e48                RTC_EnterInitMode
 .text.RTC_ExitInitMode
                0x08005ecc       0x88 ./Drivers/STM32G0xx_HAL_Driver/Src/stm32g0xx_hal_rtc.o
                0x08005ecc                RTC_ExitInitMode
 .text.RTC_ByteToBcd2
                0x08005f54       0x50 ./Drivers/STM32G0xx_HAL_Driver/Src/stm32g0xx_hal_rtc.o
                0x08005f54                RTC_ByteToBcd2
 .text.RTC_Bcd2ToByte
                0x08005fa4       0x3a ./Drivers/STM32G0xx_HAL_Driver/Src/stm32g0xx_hal_rtc.o
                0x08005fa4                RTC_Bcd2ToByte
 .text.HAL_RTCEx_SetSmoothCalib
                0x08005fde       0xc4 ./Drivers/STM32G0xx_HAL_Driver/Src/stm32g0xx_hal_rtc_ex.o
                0x08005fde                HAL_RTCEx_SetSmoothCalib
 *fill*         0x080060a2        0x2 
 .text.HAL_RTCEx_SetCalibrationOutPut
                0x080060a4       0x90 ./Drivers/STM32G0xx_HAL_Driver/Src/stm32g0xx_hal_rtc_ex.o
                0x080060a4                HAL_RTCEx_SetCalibrationOutPut
 .text.HAL_RTCEx_AlarmBEventCallback
                0x08006134       0x10 ./Drivers/STM32G0xx_HAL_Driver/Src/stm32g0xx_hal_rtc_ex.o
                0x08006134                HAL_RTCEx_AlarmBEventCallback
 .text.HAL_RTCEx_BKUPWrite
                0x08006144       0x3a ./Drivers/STM32G0xx_HAL_Driver/Src/stm32g0xx_hal_rtc_ex.o
                0x08006144                HAL_RTCEx_BKUPWrite
 .text.HAL_RTCEx_BKUPRead
                0x0800617e       0x36 ./Drivers/STM32G0xx_HAL_Driver/Src/stm32g0xx_hal_rtc_ex.o
                0x0800617e                HAL_RTCEx_BKUPRead
 .text.HAL_SPI_Init
                0x080061b4      0x170 ./Drivers/STM32G0xx_HAL_Driver/Src/stm32g0xx_hal_spi.o
                0x080061b4                HAL_SPI_Init
 .text.HAL_TIM_Base_Init
                0x08006324       0xb0 ./Drivers/STM32G0xx_HAL_Driver/Src/stm32g0xx_hal_tim.o
                0x08006324                HAL_TIM_Base_Init
 .text.HAL_TIM_Base_Start
                0x080063d4       0x98 ./Drivers/STM32G0xx_HAL_Driver/Src/stm32g0xx_hal_tim.o
                0x080063d4                HAL_TIM_Base_Start
 .text.HAL_TIM_Base_Stop
                0x0800646c       0x4c ./Drivers/STM32G0xx_HAL_Driver/Src/stm32g0xx_hal_tim.o
                0x0800646c                HAL_TIM_Base_Stop
 .text.HAL_TIM_Base_Start_IT
                0x080064b8       0xa8 ./Drivers/STM32G0xx_HAL_Driver/Src/stm32g0xx_hal_tim.o
                0x080064b8                HAL_TIM_Base_Start_IT
 .text.HAL_TIM_Base_Stop_IT
                0x08006560       0x5c ./Drivers/STM32G0xx_HAL_Driver/Src/stm32g0xx_hal_tim.o
                0x08006560                HAL_TIM_Base_Stop_IT
 .text.HAL_TIM_PWM_Init
                0x080065bc       0xb0 ./Drivers/STM32G0xx_HAL_Driver/Src/stm32g0xx_hal_tim.o
                0x080065bc                HAL_TIM_PWM_Init
 .text.HAL_TIM_PWM_Start
                0x0800666c      0x1bc ./Drivers/STM32G0xx_HAL_Driver/Src/stm32g0xx_hal_tim.o
                0x0800666c                HAL_TIM_PWM_Start
 .text.HAL_TIM_IRQHandler
                0x08006828      0x210 ./Drivers/STM32G0xx_HAL_Driver/Src/stm32g0xx_hal_tim.o
                0x08006828                HAL_TIM_IRQHandler
 .text.HAL_TIM_PWM_ConfigChannel
                0x08006a38      0x200 ./Drivers/STM32G0xx_HAL_Driver/Src/stm32g0xx_hal_tim.o
                0x08006a38                HAL_TIM_PWM_ConfigChannel
 .text.HAL_TIM_OC_DelayElapsedCallback
                0x08006c38       0x10 ./Drivers/STM32G0xx_HAL_Driver/Src/stm32g0xx_hal_tim.o
                0x08006c38                HAL_TIM_OC_DelayElapsedCallback
 .text.HAL_TIM_IC_CaptureCallback
                0x08006c48       0x10 ./Drivers/STM32G0xx_HAL_Driver/Src/stm32g0xx_hal_tim.o
                0x08006c48                HAL_TIM_IC_CaptureCallback
 .text.HAL_TIM_PWM_PulseFinishedCallback
                0x08006c58       0x10 ./Drivers/STM32G0xx_HAL_Driver/Src/stm32g0xx_hal_tim.o
                0x08006c58                HAL_TIM_PWM_PulseFinishedCallback
 .text.HAL_TIM_TriggerCallback
                0x08006c68       0x10 ./Drivers/STM32G0xx_HAL_Driver/Src/stm32g0xx_hal_tim.o
                0x08006c68                HAL_TIM_TriggerCallback
 .text.TIM_Base_SetConfig
                0x08006c78      0x108 ./Drivers/STM32G0xx_HAL_Driver/Src/stm32g0xx_hal_tim.o
                0x08006c78                TIM_Base_SetConfig
 .text.TIM_OC1_SetConfig
                0x08006d80      0x100 ./Drivers/STM32G0xx_HAL_Driver/Src/stm32g0xx_hal_tim.o
 .text.TIM_OC2_SetConfig
                0x08006e80       0xfc ./Drivers/STM32G0xx_HAL_Driver/Src/stm32g0xx_hal_tim.o
                0x08006e80                TIM_OC2_SetConfig
 .text.TIM_OC3_SetConfig
                0x08006f7c      0x104 ./Drivers/STM32G0xx_HAL_Driver/Src/stm32g0xx_hal_tim.o
 .text.TIM_OC4_SetConfig
                0x08007080       0xc8 ./Drivers/STM32G0xx_HAL_Driver/Src/stm32g0xx_hal_tim.o
 .text.TIM_OC5_SetConfig
                0x08007148       0xb4 ./Drivers/STM32G0xx_HAL_Driver/Src/stm32g0xx_hal_tim.o
 .text.TIM_OC6_SetConfig
                0x080071fc       0xbc ./Drivers/STM32G0xx_HAL_Driver/Src/stm32g0xx_hal_tim.o
 .text.TIM_CCxChannelCmd
                0x080072b8       0x46 ./Drivers/STM32G0xx_HAL_Driver/Src/stm32g0xx_hal_tim.o
                0x080072b8                TIM_CCxChannelCmd
 *fill*         0x080072fe        0x2 
 .text.HAL_TIMEx_MasterConfigSynchronization
                0x08007300       0xd0 ./Drivers/STM32G0xx_HAL_Driver/Src/stm32g0xx_hal_tim_ex.o
                0x08007300                HAL_TIMEx_MasterConfigSynchronization
 .text.HAL_TIMEx_CommutCallback
                0x080073d0       0x10 ./Drivers/STM32G0xx_HAL_Driver/Src/stm32g0xx_hal_tim_ex.o
                0x080073d0                HAL_TIMEx_CommutCallback
 .text.HAL_TIMEx_BreakCallback
                0x080073e0       0x10 ./Drivers/STM32G0xx_HAL_Driver/Src/stm32g0xx_hal_tim_ex.o
                0x080073e0                HAL_TIMEx_BreakCallback
 .text.HAL_TIMEx_Break2Callback
                0x080073f0       0x10 ./Drivers/STM32G0xx_HAL_Driver/Src/stm32g0xx_hal_tim_ex.o
                0x080073f0                HAL_TIMEx_Break2Callback
 .text.memset   0x08007400       0x10 C:/ST/STM32CubeIDE_1.12.1/STM32CubeIDE/plugins/com.st.stm32cube.ide.mcu.externaltools.gnu-tools-for-stm32.12.3.rel1.win32_1.0.200.202406191623/tools/bin/../lib/gcc/arm-none-eabi/12.3.1/../../../../arm-none-eabi/lib/thumb/v6-m/nofp\libc_nano.a(libc_a-memset.o)
                0x08007400                memset
 .text.__libc_init_array
                0x08007410       0x48 C:/ST/STM32CubeIDE_1.12.1/STM32CubeIDE/plugins/com.st.stm32cube.ide.mcu.externaltools.gnu-tools-for-stm32.12.3.rel1.win32_1.0.200.202406191623/tools/bin/../lib/gcc/arm-none-eabi/12.3.1/../../../../arm-none-eabi/lib/thumb/v6-m/nofp\libc_nano.a(libc_a-init.o)
                0x08007410                __libc_init_array
 .text.memcpy   0x08007458       0x12 C:/ST/STM32CubeIDE_1.12.1/STM32CubeIDE/plugins/com.st.stm32cube.ide.mcu.externaltools.gnu-tools-for-stm32.12.3.rel1.win32_1.0.200.202406191623/tools/bin/../lib/gcc/arm-none-eabi/12.3.1/../../../../arm-none-eabi/lib/thumb/v6-m/nofp\libc_nano.a(libc_a-memcpy-stub.o)
                0x08007458                memcpy
 *(.glue_7)
 .glue_7        0x0800746a        0x0 linker stubs
 *(.glue_7t)
 .glue_7t       0x0800746a        0x0 linker stubs
 *(.eh_frame)
 *fill*         0x0800746a        0x2 
 .eh_frame      0x0800746c        0x0 C:/ST/STM32CubeIDE_1.12.1/STM32CubeIDE/plugins/com.st.stm32cube.ide.mcu.externaltools.gnu-tools-for-stm32.12.3.rel1.win32_1.0.200.202406191623/tools/bin/../lib/gcc/arm-none-eabi/12.3.1/thumb/v6-m/nofp/crtbegin.o
 *(.init)
 .init          0x0800746c        0x4 C:/ST/STM32CubeIDE_1.12.1/STM32CubeIDE/plugins/com.st.stm32cube.ide.mcu.externaltools.gnu-tools-for-stm32.12.3.rel1.win32_1.0.200.202406191623/tools/bin/../lib/gcc/arm-none-eabi/12.3.1/thumb/v6-m/nofp/crti.o
                0x0800746c                _init
 .init          0x08007470        0x8 C:/ST/STM32CubeIDE_1.12.1/STM32CubeIDE/plugins/com.st.stm32cube.ide.mcu.externaltools.gnu-tools-for-stm32.12.3.rel1.win32_1.0.200.202406191623/tools/bin/../lib/gcc/arm-none-eabi/12.3.1/thumb/v6-m/nofp/crtn.o
 *(.fini)
 .fini          0x08007478        0x4 C:/ST/STM32CubeIDE_1.12.1/STM32CubeIDE/plugins/com.st.stm32cube.ide.mcu.externaltools.gnu-tools-for-stm32.12.3.rel1.win32_1.0.200.202406191623/tools/bin/../lib/gcc/arm-none-eabi/12.3.1/thumb/v6-m/nofp/crti.o
                0x08007478                _fini
 .fini          0x0800747c        0x8 C:/ST/STM32CubeIDE_1.12.1/STM32CubeIDE/plugins/com.st.stm32cube.ide.mcu.externaltools.gnu-tools-for-stm32.12.3.rel1.win32_1.0.200.202406191623/tools/bin/../lib/gcc/arm-none-eabi/12.3.1/thumb/v6-m/nofp/crtn.o
                0x08007484                        . = ALIGN (0x4)
                0x08007484                        _etext = .

.vfp11_veneer   0x08007484        0x0
 .vfp11_veneer  0x08007484        0x0 linker stubs

.v4_bx          0x08007484        0x0
 .v4_bx         0x08007484        0x0 linker stubs

.iplt           0x08007484        0x0
 .iplt          0x08007484        0x0 C:/ST/STM32CubeIDE_1.12.1/STM32CubeIDE/plugins/com.st.stm32cube.ide.mcu.externaltools.gnu-tools-for-stm32.12.3.rel1.win32_1.0.200.202406191623/tools/bin/../lib/gcc/arm-none-eabi/12.3.1/thumb/v6-m/nofp/crtbegin.o

.rodata         0x08007484       0xe8
                0x08007484                        . = ALIGN (0x4)
 *(.rodata)
 .rodata        0x08007484       0x23 ./Core/Src/AT42QT1070_BC.o
 *(.rodata*)
 *fill*         0x080074a7        0x1 
 .rodata.sevSeg_intensityDuty
                0x080074a8        0x2 ./Core/Src/main.o
                0x080074a8                sevSeg_intensityDuty
 *fill*         0x080074aa        0x2 
 .rodata.dispDigits
                0x080074ac        0xa ./Core/Src/sevSeg_shift_BC.o
                0x080074ac                dispDigits
 *fill*         0x080074b6        0x2 
 .rodata.AHBPrescTable
                0x080074b8       0x40 ./Core/Src/system_stm32g0xx.o
                0x080074b8                AHBPrescTable
 .rodata.APBPrescTable
                0x080074f8       0x20 ./Core/Src/system_stm32g0xx.o
                0x080074f8                APBPrescTable
 .rodata.HAL_TIM_PWM_ConfigChannel
                0x08007518       0x54 ./Drivers/STM32G0xx_HAL_Driver/Src/stm32g0xx_hal_tim.o
                0x0800756c                        . = ALIGN (0x4)

.ARM.extab      0x0800756c        0x0
                0x0800756c                        . = ALIGN (0x4)
 *(.ARM.extab* .gnu.linkonce.armextab.*)
                0x0800756c                        . = ALIGN (0x4)

.ARM            0x0800756c        0x0
                0x0800756c                        . = ALIGN (0x4)
                0x0800756c                        __exidx_start = .
 *(.ARM.exidx*)
                0x0800756c                        __exidx_end = .
                0x0800756c                        . = ALIGN (0x4)

.preinit_array  0x0800756c        0x0
                0x0800756c                        . = ALIGN (0x4)
                0x0800756c                        PROVIDE (__preinit_array_start = .)
 *(.preinit_array*)
                0x0800756c                        PROVIDE (__preinit_array_end = .)
                0x0800756c                        . = ALIGN (0x4)

.init_array     0x0800756c        0x4
                0x0800756c                        . = ALIGN (0x4)
                0x0800756c                        PROVIDE (__init_array_start = .)
 *(SORT_BY_NAME(.init_array.*))
 *(.init_array*)
 .init_array    0x0800756c        0x4 C:/ST/STM32CubeIDE_1.12.1/STM32CubeIDE/plugins/com.st.stm32cube.ide.mcu.externaltools.gnu-tools-for-stm32.12.3.rel1.win32_1.0.200.202406191623/tools/bin/../lib/gcc/arm-none-eabi/12.3.1/thumb/v6-m/nofp/crtbegin.o
                0x08007570                        PROVIDE (__init_array_end = .)
                0x08007570                        . = ALIGN (0x4)

.fini_array     0x08007570        0x4
                0x08007570                        . = ALIGN (0x4)
                [!provide]                        PROVIDE (__fini_array_start = .)
 *(SORT_BY_NAME(.fini_array.*))
 *(.fini_array*)
 .fini_array    0x08007570        0x4 C:/ST/STM32CubeIDE_1.12.1/STM32CubeIDE/plugins/com.st.stm32cube.ide.mcu.externaltools.gnu-tools-for-stm32.12.3.rel1.win32_1.0.200.202406191623/tools/bin/../lib/gcc/arm-none-eabi/12.3.1/thumb/v6-m/nofp/crtbegin.o
                [!provide]                        PROVIDE (__fini_array_end = .)
                0x08007574                        . = ALIGN (0x4)
                0x08007574                        _sidata = LOADADDR (.data)

.rel.dyn        0x08007574        0x0
 .rel.iplt      0x08007574        0x0 C:/ST/STM32CubeIDE_1.12.1/STM32CubeIDE/plugins/com.st.stm32cube.ide.mcu.externaltools.gnu-tools-for-stm32.12.3.rel1.win32_1.0.200.202406191623/tools/bin/../lib/gcc/arm-none-eabi/12.3.1/thumb/v6-m/nofp/crtbegin.o

.data           0x20000000       0x74 load address 0x08007574
                0x20000000                        . = ALIGN (0x4)
                0x20000000                        _sdata = .
 *(.data)
 *(.data*)
 .data.alarmEnableButtonPort
                0x20000000        0x4 ./Core/Src/main.o
                0x20000000                alarmEnableButtonPort
 .data.alarmSetButtonPort
                0x20000004        0x4 ./Core/Src/main.o
                0x20000004                alarmSetButtonPort
 .data.timeFormatSwitchPort
                0x20000008        0x4 ./Core/Src/main.o
                0x20000008                timeFormatSwitchPort
 .data.capTouchResetPort
                0x2000000c        0x4 ./Core/Src/main.o
                0x2000000c                capTouchResetPort
 .data.capTouchChannels
                0x20000010        0x1 ./Core/Src/main.o
                0x20000010                capTouchChannels
 .data.AVGFact  0x20000011        0x1 ./Core/Src/main.o
                0x20000011                AVGFact
 .data.DIFact   0x20000012        0x1 ./Core/Src/main.o
                0x20000012                DIFact
 *fill*         0x20000013        0x1 
 .data.GPIOPortArray
                0x20000014       0x14 ./Core/Src/main.o
                0x20000014                GPIOPortArray
 .data.debugLEDPort
                0x20000028        0x4 ./Core/Src/main.o
                0x20000028                debugLEDPort
 .data.rtcCalVal
                0x2000002c        0x4 ./Core/Src/main.o
                0x2000002c                rtcCalVal
 .data.tim_PWM_CHANNEL
                0x20000030        0x4 ./Core/Src/main.o
                0x20000030                tim_PWM_CHANNEL
 .data.userAlarmMinuteBackupReg
                0x20000034        0x4 ./Core/Src/main.o
                0x20000034                userAlarmMinuteBackupReg
 .data.userAlarmTFBackupReg
                0x20000038        0x4 ./Core/Src/main.o
                0x20000038                userAlarmTFBackupReg
 .data.bootstrapBackupReg
                0x2000003c        0x4 ./Core/Src/main.o
                0x2000003c                bootstrapBackupReg
 .data.userTimeFormatGPIO_12
                0x20000040        0x1 ./Core/Src/main.o
                0x20000040                userTimeFormatGPIO_12
 *fill*         0x20000041        0x3 
 .data.timerPWM
                0x20000044        0x4 ./Core/Src/main.o
                0x20000044                timerPWM
 .data.timerDelay
                0x20000048        0x4 ./Core/Src/main.o
                0x20000048                timerDelay
 .data.timerSnooze
                0x2000004c        0x4 ./Core/Src/main.o
                0x2000004c                timerSnooze
 .data.portArray
                0x20000050       0x14 ./Core/Src/sevSeg_shift_BC.o
                0x20000050                portArray
 .data.GPIOPinSet
                0x20000064        0x2 ./Core/Src/sevSeg_shift_BC.o
                0x20000064                GPIOPinSet
 *fill*         0x20000066        0x2 
 .data.SystemCoreClock
                0x20000068        0x4 ./Core/Src/system_stm32g0xx.o
                0x20000068                SystemCoreClock
 .data.uwTickPrio
                0x2000006c        0x4 ./Drivers/STM32G0xx_HAL_Driver/Src/stm32g0xx_hal.o
                0x2000006c                uwTickPrio
 .data.uwTickFreq
                0x20000070        0x1 ./Drivers/STM32G0xx_HAL_Driver/Src/stm32g0xx_hal.o
                0x20000070                uwTickFreq
 *(.RamFunc)
 *(.RamFunc*)
                0x20000074                        . = ALIGN (0x4)
 *fill*         0x20000071        0x3 
                0x20000074                        _edata = .

.igot.plt       0x20000074        0x0 load address 0x080075e8
 .igot.plt      0x20000074        0x0 C:/ST/STM32CubeIDE_1.12.1/STM32CubeIDE/plugins/com.st.stm32cube.ide.mcu.externaltools.gnu-tools-for-stm32.12.3.rel1.win32_1.0.200.202406191623/tools/bin/../lib/gcc/arm-none-eabi/12.3.1/thumb/v6-m/nofp/crtbegin.o
                0x20000074                        . = ALIGN (0x4)

.bss            0x20000074      0x3e4 load address 0x080075e8
                0x20000074                        _sbss = .
                0x20000074                        __bss_start__ = _sbss
 *(.bss)
 .bss           0x20000074       0x1c C:/ST/STM32CubeIDE_1.12.1/STM32CubeIDE/plugins/com.st.stm32cube.ide.mcu.externaltools.gnu-tools-for-stm32.12.3.rel1.win32_1.0.200.202406191623/tools/bin/../lib/gcc/arm-none-eabi/12.3.1/thumb/v6-m/nofp/crtbegin.o
 *(.bss*)
 .bss.displayToggle
                0x20000090        0x1 ./Core/Src/main.o
                0x20000090                displayToggle
 .bss.userAlarmToggle
                0x20000091        0x1 ./Core/Src/main.o
                0x20000091                userAlarmToggle
 *fill*         0x20000092        0x2 
 .bss.currTime  0x20000094       0x14 ./Core/Src/main.o
                0x20000094                currTime
 .bss.currDate  0x200000a8        0x4 ./Core/Src/main.o
                0x200000a8                currDate
 .bss.userAlarmTime
                0x200000ac       0x14 ./Core/Src/main.o
                0x200000ac                userAlarmTime
 .bss.userAlarmHourBackupReg
                0x200000c0        0x4 ./Core/Src/main.o
                0x200000c0                userAlarmHourBackupReg
 .bss.userTimeFormat
                0x200000c4        0x4 ./Core/Src/main.o
                0x200000c4                userTimeFormat
 .bss.hi2c1     0x200000c8       0x54 ./Core/Src/main.o
                0x200000c8                hi2c1
 .bss.hi2s1     0x2000011c       0x3c ./Core/Src/main.o
                0x2000011c                hi2s1
 .bss.hdma_spi1_tx
                0x20000158       0x5c ./Core/Src/main.o
                0x20000158                hdma_spi1_tx
 .bss.hrtc      0x200001b4       0x2c ./Core/Src/main.o
                0x200001b4                hrtc
 .bss.hspi2     0x200001e0       0x64 ./Core/Src/main.o
                0x200001e0                hspi2
 .bss.hdma_spi2_rx
                0x20000244       0x5c ./Core/Src/main.o
                0x20000244                hdma_spi2_rx
 .bss.hdma_spi2_tx
                0x200002a0       0x5c ./Core/Src/main.o
                0x200002a0                hdma_spi2_tx
 .bss.htim2     0x200002fc       0x4c ./Core/Src/main.o
                0x200002fc                htim2
 .bss.htim14    0x20000348       0x4c ./Core/Src/main.o
                0x20000348                htim14
 .bss.htim16    0x20000394       0x4c ./Core/Src/main.o
                0x20000394                htim16
 .bss.alarmSetMode
                0x200003e0        0x1 ./Core/Src/main.o
                0x200003e0                alarmSetMode
 .bss.secondSnooze
                0x200003e1        0x1 ./Core/Src/main.o
                0x200003e1                secondSnooze
 *fill*         0x200003e2        0x2 
 .bss.capTouch  0x200003e4       0x14 ./Core/Src/main.o
                0x200003e4                capTouch
 .bss.shiftData
                0x200003f8        0x2 ./Core/Src/sevSeg_shift_BC.o
                0x200003f8                shiftData
 .bss.shiftDataClock
                0x200003fa        0x2 ./Core/Src/sevSeg_shift_BC.o
                0x200003fa                shiftDataClock
 .bss.shiftStoreClock
                0x200003fc        0x2 ./Core/Src/sevSeg_shift_BC.o
                0x200003fc                shiftStoreClock
 .bss.shiftOutputEnable
                0x200003fe        0x2 ./Core/Src/sevSeg_shift_BC.o
                0x200003fe                shiftOutputEnable
 .bss.shiftMCLR
                0x20000400        0x2 ./Core/Src/sevSeg_shift_BC.o
                0x20000400                shiftMCLR
 *fill*         0x20000402        0x2 
 .bss.htim_PWM  0x20000404       0x4c ./Core/Src/sevSeg_shift_BC.o
                0x20000404                htim_PWM
 .bss.tim_PWM_CHANNEL_shift
                0x20000450        0x4 ./Core/Src/sevSeg_shift_BC.o
                0x20000450                tim_PWM_CHANNEL_shift
 .bss.uwTick    0x20000454        0x4 ./Drivers/STM32G0xx_HAL_Driver/Src/stm32g0xx_hal.o
                0x20000454                uwTick
 *(COMMON)
                0x20000458                        . = ALIGN (0x4)
                0x20000458                        _ebss = .
                0x20000458                        __bss_end__ = _ebss

._user_heap_stack
                0x20000458      0x600 load address 0x080075e8
                0x20000458                        . = ALIGN (0x8)
                [!provide]                        PROVIDE (end = .)
                0x20000458                        PROVIDE (_end = .)
                0x20000658                        . = (. + _Min_Heap_Size)
 *fill*         0x20000458      0x200 
                0x20000a58                        . = (. + _Min_Stack_Size)
 *fill*         0x20000658      0x400 
                0x20000a58                        . = ALIGN (0x8)

/DISCARD/
 libc.a(*)
 libm.a(*)
 libgcc.a(*)

.ARM.attributes
                0x00000000       0x28
 *(.ARM.attributes)
 .ARM.attributes
                0x00000000       0x1e C:/ST/STM32CubeIDE_1.12.1/STM32CubeIDE/plugins/com.st.stm32cube.ide.mcu.externaltools.gnu-tools-for-stm32.12.3.rel1.win32_1.0.200.202406191623/tools/bin/../lib/gcc/arm-none-eabi/12.3.1/thumb/v6-m/nofp/crti.o
 .ARM.attributes
                0x0000001e       0x2c C:/ST/STM32CubeIDE_1.12.1/STM32CubeIDE/plugins/com.st.stm32cube.ide.mcu.externaltools.gnu-tools-for-stm32.12.3.rel1.win32_1.0.200.202406191623/tools/bin/../lib/gcc/arm-none-eabi/12.3.1/thumb/v6-m/nofp/crtbegin.o
 .ARM.attributes
                0x0000004a       0x2c ./Core/Src/AT42QT1070_BC.o
 .ARM.attributes
                0x00000076       0x2c ./Core/Src/alarm.o
 .ARM.attributes
                0x000000a2       0x2c ./Core/Src/main.o
 .ARM.attributes
                0x000000ce       0x2c ./Core/Src/sevSeg_shift_BC.o
 .ARM.attributes
                0x000000fa       0x2c ./Core/Src/stm32g0xx_hal_msp.o
 .ARM.attributes
                0x00000126       0x2c ./Core/Src/stm32g0xx_it.o
 .ARM.attributes
                0x00000152       0x2c ./Core/Src/system_stm32g0xx.o
 .ARM.attributes
                0x0000017e       0x22 ./Core/Startup/startup_stm32g031c8tx.o
 .ARM.attributes
                0x000001a0       0x2c ./Drivers/STM32G0xx_HAL_Driver/Src/stm32g0xx_hal.o
 .ARM.attributes
                0x000001cc       0x2c ./Drivers/STM32G0xx_HAL_Driver/Src/stm32g0xx_hal_cortex.o
 .ARM.attributes
                0x000001f8       0x2c ./Drivers/STM32G0xx_HAL_Driver/Src/stm32g0xx_hal_dma.o
 .ARM.attributes
                0x00000224       0x2c ./Drivers/STM32G0xx_HAL_Driver/Src/stm32g0xx_hal_gpio.o
 .ARM.attributes
                0x00000250       0x2c ./Drivers/STM32G0xx_HAL_Driver/Src/stm32g0xx_hal_i2c.o
 .ARM.attributes
                0x0000027c       0x2c ./Drivers/STM32G0xx_HAL_Driver/Src/stm32g0xx_hal_i2c_ex.o
 .ARM.attributes
                0x000002a8       0x2c ./Drivers/STM32G0xx_HAL_Driver/Src/stm32g0xx_hal_i2s.o
 .ARM.attributes
                0x000002d4       0x2c ./Drivers/STM32G0xx_HAL_Driver/Src/stm32g0xx_hal_pwr.o
 .ARM.attributes
                0x00000300       0x2c ./Drivers/STM32G0xx_HAL_Driver/Src/stm32g0xx_hal_pwr_ex.o
 .ARM.attributes
                0x0000032c       0x2c ./Drivers/STM32G0xx_HAL_Driver/Src/stm32g0xx_hal_rcc.o
 .ARM.attributes
                0x00000358       0x2c ./Drivers/STM32G0xx_HAL_Driver/Src/stm32g0xx_hal_rcc_ex.o
 .ARM.attributes
                0x00000384       0x2c ./Drivers/STM32G0xx_HAL_Driver/Src/stm32g0xx_hal_rtc.o
 .ARM.attributes
                0x000003b0       0x2c ./Drivers/STM32G0xx_HAL_Driver/Src/stm32g0xx_hal_rtc_ex.o
 .ARM.attributes
                0x000003dc       0x2c ./Drivers/STM32G0xx_HAL_Driver/Src/stm32g0xx_hal_spi.o
 .ARM.attributes
                0x00000408       0x2c ./Drivers/STM32G0xx_HAL_Driver/Src/stm32g0xx_hal_tim.o
 .ARM.attributes
                0x00000434       0x2c ./Drivers/STM32G0xx_HAL_Driver/Src/stm32g0xx_hal_tim_ex.o
 .ARM.attributes
                0x00000460       0x2c C:/ST/STM32CubeIDE_1.12.1/STM32CubeIDE/plugins/com.st.stm32cube.ide.mcu.externaltools.gnu-tools-for-stm32.12.3.rel1.win32_1.0.200.202406191623/tools/bin/../lib/gcc/arm-none-eabi/12.3.1/../../../../arm-none-eabi/lib/thumb/v6-m/nofp\libc_nano.a(libc_a-memset.o)
 .ARM.attributes
                0x0000048c       0x2c C:/ST/STM32CubeIDE_1.12.1/STM32CubeIDE/plugins/com.st.stm32cube.ide.mcu.externaltools.gnu-tools-for-stm32.12.3.rel1.win32_1.0.200.202406191623/tools/bin/../lib/gcc/arm-none-eabi/12.3.1/../../../../arm-none-eabi/lib/thumb/v6-m/nofp\libc_nano.a(libc_a-init.o)
 .ARM.attributes
                0x000004b8       0x2c C:/ST/STM32CubeIDE_1.12.1/STM32CubeIDE/plugins/com.st.stm32cube.ide.mcu.externaltools.gnu-tools-for-stm32.12.3.rel1.win32_1.0.200.202406191623/tools/bin/../lib/gcc/arm-none-eabi/12.3.1/../../../../arm-none-eabi/lib/thumb/v6-m/nofp\libc_nano.a(libc_a-memcpy-stub.o)
 .ARM.attributes
                0x000004e4       0x1e C:/ST/STM32CubeIDE_1.12.1/STM32CubeIDE/plugins/com.st.stm32cube.ide.mcu.externaltools.gnu-tools-for-stm32.12.3.rel1.win32_1.0.200.202406191623/tools/bin/../lib/gcc/arm-none-eabi/12.3.1/thumb/v6-m/nofp\libgcc.a(_udivsi3.o)
 .ARM.attributes
                0x00000502       0x1e C:/ST/STM32CubeIDE_1.12.1/STM32CubeIDE/plugins/com.st.stm32cube.ide.mcu.externaltools.gnu-tools-for-stm32.12.3.rel1.win32_1.0.200.202406191623/tools/bin/../lib/gcc/arm-none-eabi/12.3.1/thumb/v6-m/nofp\libgcc.a(_dvmd_tls.o)
 .ARM.attributes
                0x00000520       0x1e C:/ST/STM32CubeIDE_1.12.1/STM32CubeIDE/plugins/com.st.stm32cube.ide.mcu.externaltools.gnu-tools-for-stm32.12.3.rel1.win32_1.0.200.202406191623/tools/bin/../lib/gcc/arm-none-eabi/12.3.1/thumb/v6-m/nofp/crtn.o
OUTPUT(Beethoven-clock_master_64KB.elf elf32-littlearm)
LOAD linker stubs
LOAD C:/ST/STM32CubeIDE_1.12.1/STM32CubeIDE/plugins/com.st.stm32cube.ide.mcu.externaltools.gnu-tools-for-stm32.12.3.rel1.win32_1.0.200.202406191623/tools/bin/../lib/gcc/arm-none-eabi/12.3.1/../../../../arm-none-eabi/lib/thumb/v6-m/nofp\libc.a
LOAD C:/ST/STM32CubeIDE_1.12.1/STM32CubeIDE/plugins/com.st.stm32cube.ide.mcu.externaltools.gnu-tools-for-stm32.12.3.rel1.win32_1.0.200.202406191623/tools/bin/../lib/gcc/arm-none-eabi/12.3.1/../../../../arm-none-eabi/lib/thumb/v6-m/nofp\libm.a
LOAD C:/ST/STM32CubeIDE_1.12.1/STM32CubeIDE/plugins/com.st.stm32cube.ide.mcu.externaltools.gnu-tools-for-stm32.12.3.rel1.win32_1.0.200.202406191623/tools/bin/../lib/gcc/arm-none-eabi/12.3.1/thumb/v6-m/nofp\libgcc.a

.debug_info     0x00000000    0x168d6
 .debug_info    0x00000000     0x1041 ./Core/Src/AT42QT1070_BC.o
 .debug_info    0x00001041      0x5d3 ./Core/Src/alarm.o
 .debug_info    0x00001614     0x2a85 ./Core/Src/main.o
 .debug_info    0x00004099      0xbf1 ./Core/Src/sevSeg_shift_BC.o
 .debug_info    0x00004c8a     0x19a3 ./Core/Src/stm32g0xx_hal_msp.o
 .debug_info    0x0000662d      0xb35 ./Core/Src/stm32g0xx_it.o
 .debug_info    0x00007162      0x316 ./Core/Src/system_stm32g0xx.o
 .debug_info    0x00007478       0x30 ./Core/Startup/startup_stm32g031c8tx.o
 .debug_info    0x000074a8      0xa2f ./Drivers/STM32G0xx_HAL_Driver/Src/stm32g0xx_hal.o
 .debug_info    0x00007ed7      0x8c7 ./Drivers/STM32G0xx_HAL_Driver/Src/stm32g0xx_hal_cortex.o
 .debug_info    0x0000879e      0x86b ./Drivers/STM32G0xx_HAL_Driver/Src/stm32g0xx_hal_dma.o
 .debug_info    0x00009009      0x59d ./Drivers/STM32G0xx_HAL_Driver/Src/stm32g0xx_hal_gpio.o
 .debug_info    0x000095a6     0x21bc ./Drivers/STM32G0xx_HAL_Driver/Src/stm32g0xx_hal_i2c.o
 .debug_info    0x0000b762      0x9d9 ./Drivers/STM32G0xx_HAL_Driver/Src/stm32g0xx_hal_i2c_ex.o
 .debug_info    0x0000c13b      0xdca ./Drivers/STM32G0xx_HAL_Driver/Src/stm32g0xx_hal_i2s.o
 .debug_info    0x0000cf05      0x5aa ./Drivers/STM32G0xx_HAL_Driver/Src/stm32g0xx_hal_pwr.o
 .debug_info    0x0000d4af      0x77d ./Drivers/STM32G0xx_HAL_Driver/Src/stm32g0xx_hal_pwr_ex.o
 .debug_info    0x0000dc2c      0xb1b ./Drivers/STM32G0xx_HAL_Driver/Src/stm32g0xx_hal_rcc.o
 .debug_info    0x0000e747      0x75b ./Drivers/STM32G0xx_HAL_Driver/Src/stm32g0xx_hal_rcc_ex.o
 .debug_info    0x0000eea2      0xc7c ./Drivers/STM32G0xx_HAL_Driver/Src/stm32g0xx_hal_rtc.o
 .debug_info    0x0000fb1e     0x1239 ./Drivers/STM32G0xx_HAL_Driver/Src/stm32g0xx_hal_rtc_ex.o
 .debug_info    0x00010d57     0x1720 ./Drivers/STM32G0xx_HAL_Driver/Src/stm32g0xx_hal_spi.o
 .debug_info    0x00012477     0x2ba7 ./Drivers/STM32G0xx_HAL_Driver/Src/stm32g0xx_hal_tim.o
 .debug_info    0x0001501e     0x18b8 ./Drivers/STM32G0xx_HAL_Driver/Src/stm32g0xx_hal_tim_ex.o

.debug_abbrev   0x00000000     0x32d2
 .debug_abbrev  0x00000000      0x23f ./Core/Src/AT42QT1070_BC.o
 .debug_abbrev  0x0000023f      0x164 ./Core/Src/alarm.o
 .debug_abbrev  0x000003a3      0x33a ./Core/Src/main.o
 .debug_abbrev  0x000006dd      0x1e2 ./Core/Src/sevSeg_shift_BC.o
 .debug_abbrev  0x000008bf      0x286 ./Core/Src/stm32g0xx_hal_msp.o
 .debug_abbrev  0x00000b45      0x1be ./Core/Src/stm32g0xx_it.o
 .debug_abbrev  0x00000d03      0x119 ./Core/Src/system_stm32g0xx.o
 .debug_abbrev  0x00000e1c       0x24 ./Core/Startup/startup_stm32g031c8tx.o
 .debug_abbrev  0x00000e40      0x2b6 ./Drivers/STM32G0xx_HAL_Driver/Src/stm32g0xx_hal.o
 .debug_abbrev  0x000010f6      0x2ab ./Drivers/STM32G0xx_HAL_Driver/Src/stm32g0xx_hal_cortex.o
 .debug_abbrev  0x000013a1      0x1e1 ./Drivers/STM32G0xx_HAL_Driver/Src/stm32g0xx_hal_dma.o
 .debug_abbrev  0x00001582      0x1c3 ./Drivers/STM32G0xx_HAL_Driver/Src/stm32g0xx_hal_gpio.o
 .debug_abbrev  0x00001745      0x291 ./Drivers/STM32G0xx_HAL_Driver/Src/stm32g0xx_hal_i2c.o
 .debug_abbrev  0x000019d6      0x1ea ./Drivers/STM32G0xx_HAL_Driver/Src/stm32g0xx_hal_i2c_ex.o
 .debug_abbrev  0x00001bc0      0x279 ./Drivers/STM32G0xx_HAL_Driver/Src/stm32g0xx_hal_i2s.o
 .debug_abbrev  0x00001e39      0x172 ./Drivers/STM32G0xx_HAL_Driver/Src/stm32g0xx_hal_pwr.o
 .debug_abbrev  0x00001fab      0x237 ./Drivers/STM32G0xx_HAL_Driver/Src/stm32g0xx_hal_pwr_ex.o
 .debug_abbrev  0x000021e2      0x2a9 ./Drivers/STM32G0xx_HAL_Driver/Src/stm32g0xx_hal_rcc.o
 .debug_abbrev  0x0000248b      0x229 ./Drivers/STM32G0xx_HAL_Driver/Src/stm32g0xx_hal_rcc_ex.o
 .debug_abbrev  0x000026b4      0x200 ./Drivers/STM32G0xx_HAL_Driver/Src/stm32g0xx_hal_rtc.o
 .debug_abbrev  0x000028b4      0x249 ./Drivers/STM32G0xx_HAL_Driver/Src/stm32g0xx_hal_rtc_ex.o
 .debug_abbrev  0x00002afd      0x28f ./Drivers/STM32G0xx_HAL_Driver/Src/stm32g0xx_hal_spi.o
 .debug_abbrev  0x00002d8c      0x29b ./Drivers/STM32G0xx_HAL_Driver/Src/stm32g0xx_hal_tim.o
 .debug_abbrev  0x00003027      0x2ab ./Drivers/STM32G0xx_HAL_Driver/Src/stm32g0xx_hal_tim_ex.o

.debug_aranges  0x00000000     0x1610
 .debug_aranges
                0x00000000       0x58 ./Core/Src/AT42QT1070_BC.o
 .debug_aranges
                0x00000058       0x28 ./Core/Src/alarm.o
 .debug_aranges
                0x00000080      0x130 ./Core/Src/main.o
 .debug_aranges
                0x000001b0       0x30 ./Core/Src/sevSeg_shift_BC.o
 .debug_aranges
                0x000001e0       0x88 ./Core/Src/stm32g0xx_hal_msp.o
 .debug_aranges
                0x00000268       0x80 ./Core/Src/stm32g0xx_it.o
 .debug_aranges
                0x000002e8       0x28 ./Core/Src/system_stm32g0xx.o
 .debug_aranges
                0x00000310       0x28 ./Core/Startup/startup_stm32g031c8tx.o
 .debug_aranges
                0x00000338      0x128 ./Drivers/STM32G0xx_HAL_Driver/Src/stm32g0xx_hal.o
 .debug_aranges
                0x00000460       0xe8 ./Drivers/STM32G0xx_HAL_Driver/Src/stm32g0xx_hal_cortex.o
 .debug_aranges
                0x00000548       0x90 ./Drivers/STM32G0xx_HAL_Driver/Src/stm32g0xx_hal_dma.o
 .debug_aranges
                0x000005d8       0x60 ./Drivers/STM32G0xx_HAL_Driver/Src/stm32g0xx_hal_gpio.o
 .debug_aranges
                0x00000638      0x2a0 ./Drivers/STM32G0xx_HAL_Driver/Src/stm32g0xx_hal_i2c.o
 .debug_aranges
                0x000008d8       0x48 ./Drivers/STM32G0xx_HAL_Driver/Src/stm32g0xx_hal_i2c_ex.o
 .debug_aranges
                0x00000920      0x100 ./Drivers/STM32G0xx_HAL_Driver/Src/stm32g0xx_hal_i2s.o
 .debug_aranges
                0x00000a20       0x78 ./Drivers/STM32G0xx_HAL_Driver/Src/stm32g0xx_hal_pwr.o
 .debug_aranges
                0x00000a98       0xf0 ./Drivers/STM32G0xx_HAL_Driver/Src/stm32g0xx_hal_pwr_ex.o
 .debug_aranges
                0x00000b88       0xa0 ./Drivers/STM32G0xx_HAL_Driver/Src/stm32g0xx_hal_rcc.o
 .debug_aranges
                0x00000c28       0x40 ./Drivers/STM32G0xx_HAL_Driver/Src/stm32g0xx_hal_rcc_ex.o
 .debug_aranges
                0x00000c68       0xe8 ./Drivers/STM32G0xx_HAL_Driver/Src/stm32g0xx_hal_rtc.o
 .debug_aranges
                0x00000d50      0x170 ./Drivers/STM32G0xx_HAL_Driver/Src/stm32g0xx_hal_rtc_ex.o
 .debug_aranges
                0x00000ec0      0x1d8 ./Drivers/STM32G0xx_HAL_Driver/Src/stm32g0xx_hal_spi.o
 .debug_aranges
                0x00001098      0x3e0 ./Drivers/STM32G0xx_HAL_Driver/Src/stm32g0xx_hal_tim.o
 .debug_aranges
                0x00001478      0x198 ./Drivers/STM32G0xx_HAL_Driver/Src/stm32g0xx_hal_tim_ex.o

.debug_rnglists
                0x00000000     0x1137
 .debug_rnglists
                0x00000000       0x44 ./Core/Src/AT42QT1070_BC.o
 .debug_rnglists
                0x00000044       0x1a ./Core/Src/alarm.o
 .debug_rnglists
                0x0000005e       0xec ./Core/Src/main.o
 .debug_rnglists
                0x0000014a       0x22 ./Core/Src/sevSeg_shift_BC.o
 .debug_rnglists
                0x0000016c       0x65 ./Core/Src/stm32g0xx_hal_msp.o
 .debug_rnglists
                0x000001d1       0x5b ./Core/Src/stm32g0xx_it.o
 .debug_rnglists
                0x0000022c       0x1a ./Core/Src/system_stm32g0xx.o
 .debug_rnglists
                0x00000246       0x19 ./Core/Startup/startup_stm32g031c8tx.o
 .debug_rnglists
                0x0000025f       0xda ./Drivers/STM32G0xx_HAL_Driver/Src/stm32g0xx_hal.o
 .debug_rnglists
                0x00000339       0xaa ./Drivers/STM32G0xx_HAL_Driver/Src/stm32g0xx_hal_cortex.o
 .debug_rnglists
                0x000003e3       0x72 ./Drivers/STM32G0xx_HAL_Driver/Src/stm32g0xx_hal_dma.o
 .debug_rnglists
                0x00000455       0x45 ./Drivers/STM32G0xx_HAL_Driver/Src/stm32g0xx_hal_gpio.o
 .debug_rnglists
                0x0000049a      0x229 ./Drivers/STM32G0xx_HAL_Driver/Src/stm32g0xx_hal_i2c.o
 .debug_rnglists
                0x000006c3       0x35 ./Drivers/STM32G0xx_HAL_Driver/Src/stm32g0xx_hal_i2c_ex.o
 .debug_rnglists
                0x000006f8       0xc5 ./Drivers/STM32G0xx_HAL_Driver/Src/stm32g0xx_hal_i2s.o
 .debug_rnglists
                0x000007bd       0x55 ./Drivers/STM32G0xx_HAL_Driver/Src/stm32g0xx_hal_pwr.o
 .debug_rnglists
                0x00000812       0xb5 ./Drivers/STM32G0xx_HAL_Driver/Src/stm32g0xx_hal_pwr_ex.o
 .debug_rnglists
                0x000008c7       0x79 ./Drivers/STM32G0xx_HAL_Driver/Src/stm32g0xx_hal_rcc.o
 .debug_rnglists
                0x00000940       0x30 ./Drivers/STM32G0xx_HAL_Driver/Src/stm32g0xx_hal_rcc_ex.o
 .debug_rnglists
                0x00000970       0xb5 ./Drivers/STM32G0xx_HAL_Driver/Src/stm32g0xx_hal_rtc.o
 .debug_rnglists
                0x00000a25      0x120 ./Drivers/STM32G0xx_HAL_Driver/Src/stm32g0xx_hal_rtc_ex.o
 .debug_rnglists
                0x00000b45      0x17a ./Drivers/STM32G0xx_HAL_Driver/Src/stm32g0xx_hal_spi.o
 .debug_rnglists
                0x00000cbf      0x32a ./Drivers/STM32G0xx_HAL_Driver/Src/stm32g0xx_hal_tim.o
 .debug_rnglists
                0x00000fe9      0x14e ./Drivers/STM32G0xx_HAL_Driver/Src/stm32g0xx_hal_tim_ex.o

.debug_macro    0x00000000    0x18fc6
 .debug_macro   0x00000000      0x2d6 ./Core/Src/AT42QT1070_BC.o
 .debug_macro   0x000002d6      0xa8a ./Core/Src/AT42QT1070_BC.o
 .debug_macro   0x00000d60      0x12f ./Core/Src/AT42QT1070_BC.o
 .debug_macro   0x00000e8f       0x2e ./Core/Src/AT42QT1070_BC.o
 .debug_macro   0x00000ebd       0x28 ./Core/Src/AT42QT1070_BC.o
 .debug_macro   0x00000ee5       0x22 ./Core/Src/AT42QT1070_BC.o
 .debug_macro   0x00000f07       0x8e ./Core/Src/AT42QT1070_BC.o
 .debug_macro   0x00000f95       0x51 ./Core/Src/AT42QT1070_BC.o
 .debug_macro   0x00000fe6      0x103 ./Core/Src/AT42QT1070_BC.o
 .debug_macro   0x000010e9       0x6a ./Core/Src/AT42QT1070_BC.o
 .debug_macro   0x00001153      0x1df ./Core/Src/AT42QT1070_BC.o
 .debug_macro   0x00001332       0x1c ./Core/Src/AT42QT1070_BC.o
 .debug_macro   0x0000134e       0x22 ./Core/Src/AT42QT1070_BC.o
 .debug_macro   0x00001370       0xd1 ./Core/Src/AT42QT1070_BC.o
 .debug_macro   0x00001441      0x4da ./Core/Src/AT42QT1070_BC.o
 .debug_macro   0x0000191b      0x11f ./Core/Src/AT42QT1070_BC.o
 .debug_macro   0x00001a3a     0xac2c ./Core/Src/AT42QT1070_BC.o
 .debug_macro   0x0000c666       0x66 ./Core/Src/AT42QT1070_BC.o
 .debug_macro   0x0000c6cc     0x350e ./Core/Src/AT42QT1070_BC.o
 .debug_macro   0x0000fbda      0x189 ./Core/Src/AT42QT1070_BC.o
 .debug_macro   0x0000fd63       0x5c ./Core/Src/AT42QT1070_BC.o
 .debug_macro   0x0000fdbf      0x518 ./Core/Src/AT42QT1070_BC.o
 .debug_macro   0x000102d7      0xf70 ./Core/Src/AT42QT1070_BC.o
 .debug_macro   0x00011247      0x1d8 ./Core/Src/AT42QT1070_BC.o
 .debug_macro   0x0001141f      0x1cf ./Core/Src/AT42QT1070_BC.o
 .debug_macro   0x000115ee      0x122 ./Core/Src/AT42QT1070_BC.o
 .debug_macro   0x00011710      0x390 ./Core/Src/AT42QT1070_BC.o
 .debug_macro   0x00011aa0      0x202 ./Core/Src/AT42QT1070_BC.o
 .debug_macro   0x00011ca2      0x2ff ./Core/Src/AT42QT1070_BC.o
 .debug_macro   0x00011fa1      0x1b2 ./Core/Src/AT42QT1070_BC.o
 .debug_macro   0x00012153       0x43 ./Core/Src/AT42QT1070_BC.o
 .debug_macro   0x00012196      0x1f1 ./Core/Src/AT42QT1070_BC.o
 .debug_macro   0x00012387      0x1d6 ./Core/Src/AT42QT1070_BC.o
 .debug_macro   0x0001255d      0x38a ./Core/Src/AT42QT1070_BC.o
 .debug_macro   0x000128e7       0x28 ./Core/Src/AT42QT1070_BC.o
 .debug_macro   0x0001290f       0xe4 ./Core/Src/AT42QT1070_BC.o
 .debug_macro   0x000129f3      0x22c ./Core/Src/AT42QT1070_BC.o
 .debug_macro   0x00012c1f       0x67 ./Core/Src/AT42QT1070_BC.o
 .debug_macro   0x00012c86       0xa5 ./Core/Src/AT42QT1070_BC.o
 .debug_macro   0x00012d2b      0x1c3 ./Core/Src/AT42QT1070_BC.o
 .debug_macro   0x00012eee      0x10c ./Core/Src/AT42QT1070_BC.o
 .debug_macro   0x00012ffa      0x240 ./Core/Src/AT42QT1070_BC.o
 .debug_macro   0x0001323a      0x328 ./Core/Src/AT42QT1070_BC.o
 .debug_macro   0x00013562      0x432 ./Core/Src/AT42QT1070_BC.o
 .debug_macro   0x00013994       0xf2 ./Core/Src/AT42QT1070_BC.o
 .debug_macro   0x00013a86      0x2fe ./Core/Src/AT42QT1070_BC.o
 .debug_macro   0x00013d84      0xac2 ./Core/Src/AT42QT1070_BC.o
 .debug_macro   0x00014846      0x135 ./Core/Src/AT42QT1070_BC.o
 .debug_macro   0x0001497b      0x49d ./Core/Src/AT42QT1070_BC.o
 .debug_macro   0x00014e18       0x61 ./Core/Src/AT42QT1070_BC.o
 .debug_macro   0x00014e79       0x24 ./Core/Src/AT42QT1070_BC.o
 .debug_macro   0x00014e9d       0x43 ./Core/Src/AT42QT1070_BC.o
 .debug_macro   0x00014ee0       0x34 ./Core/Src/AT42QT1070_BC.o
 .debug_macro   0x00014f14       0x16 ./Core/Src/AT42QT1070_BC.o
 .debug_macro   0x00014f2a       0x43 ./Core/Src/AT42QT1070_BC.o
 .debug_macro   0x00014f6d       0x34 ./Core/Src/AT42QT1070_BC.o
 .debug_macro   0x00014fa1       0x10 ./Core/Src/AT42QT1070_BC.o
 .debug_macro   0x00014fb1       0x58 ./Core/Src/AT42QT1070_BC.o
 .debug_macro   0x00015009       0x8e ./Core/Src/AT42QT1070_BC.o
 .debug_macro   0x00015097       0x1c ./Core/Src/AT42QT1070_BC.o
 .debug_macro   0x000150b3      0x177 ./Core/Src/AT42QT1070_BC.o
 .debug_macro   0x0001522a      0x369 ./Core/Src/AT42QT1070_BC.o
 .debug_macro   0x00015593      0x19b ./Core/Src/AT42QT1070_BC.o
 .debug_macro   0x0001572e      0x118 ./Core/Src/AT42QT1070_BC.o
 .debug_macro   0x00015846      0x303 ./Core/Src/alarm.o
 .debug_macro   0x00015b49       0x16 ./Core/Src/alarm.o
 .debug_macro   0x00015b5f       0x35 ./Core/Src/alarm.o
 .debug_macro   0x00015b94       0x10 ./Core/Src/alarm.o
 .debug_macro   0x00015ba4       0x16 ./Core/Src/alarm.o
 .debug_macro   0x00015bba       0x16 ./Core/Src/alarm.o
 .debug_macro   0x00015bd0      0x146 ./Core/Src/alarm.o
 .debug_macro   0x00015d16       0x10 ./Core/Src/alarm.o
 .debug_macro   0x00015d26      0x399 ./Core/Src/main.o
 .debug_macro   0x000160bf       0xf4 ./Core/Src/main.o
 .debug_macro   0x000161b3       0x22 ./Core/Src/main.o
 .debug_macro   0x000161d5       0x16 ./Core/Src/main.o
 .debug_macro   0x000161eb       0x20 ./Core/Src/main.o
 .debug_macro   0x0001620b       0x11 ./Core/Src/main.o
 .debug_macro   0x0001621c       0xd6 ./Core/Src/main.o
 .debug_macro   0x000162f2      0x2fe ./Core/Src/sevSeg_shift_BC.o
 .debug_macro   0x000165f0      0x22b ./Core/Src/stm32g0xx_hal_msp.o
 .debug_macro   0x0001681b      0x235 ./Core/Src/stm32g0xx_it.o
 .debug_macro   0x00016a50      0x21c ./Core/Src/system_stm32g0xx.o
 .debug_macro   0x00016c6c      0x240 ./Drivers/STM32G0xx_HAL_Driver/Src/stm32g0xx_hal.o
 .debug_macro   0x00016eac      0x21c ./Drivers/STM32G0xx_HAL_Driver/Src/stm32g0xx_hal_cortex.o
 .debug_macro   0x000170c8      0x21c ./Drivers/STM32G0xx_HAL_Driver/Src/stm32g0xx_hal_dma.o
 .debug_macro   0x000172e4      0x223 ./Drivers/STM32G0xx_HAL_Driver/Src/stm32g0xx_hal_gpio.o
 .debug_macro   0x00017507      0x2e8 ./Drivers/STM32G0xx_HAL_Driver/Src/stm32g0xx_hal_i2c.o
 .debug_macro   0x000177ef      0x21c ./Drivers/STM32G0xx_HAL_Driver/Src/stm32g0xx_hal_i2c_ex.o
 .debug_macro   0x00017a0b      0x224 ./Drivers/STM32G0xx_HAL_Driver/Src/stm32g0xx_hal_i2s.o
 .debug_macro   0x00017c2f      0x21c ./Drivers/STM32G0xx_HAL_Driver/Src/stm32g0xx_hal_pwr.o
 .debug_macro   0x00017e4b      0x246 ./Drivers/STM32G0xx_HAL_Driver/Src/stm32g0xx_hal_pwr_ex.o
 .debug_macro   0x00018091      0x25e ./Drivers/STM32G0xx_HAL_Driver/Src/stm32g0xx_hal_rcc.o
 .debug_macro   0x000182ef      0x234 ./Drivers/STM32G0xx_HAL_Driver/Src/stm32g0xx_hal_rcc_ex.o
 .debug_macro   0x00018523      0x21d ./Drivers/STM32G0xx_HAL_Driver/Src/stm32g0xx_hal_rtc.o
 .debug_macro   0x00018740      0x21c ./Drivers/STM32G0xx_HAL_Driver/Src/stm32g0xx_hal_rtc_ex.o
 .debug_macro   0x0001895c      0x224 ./Drivers/STM32G0xx_HAL_Driver/Src/stm32g0xx_hal_spi.o
 .debug_macro   0x00018b80      0x224 ./Drivers/STM32G0xx_HAL_Driver/Src/stm32g0xx_hal_tim.o
 .debug_macro   0x00018da4      0x222 ./Drivers/STM32G0xx_HAL_Driver/Src/stm32g0xx_hal_tim_ex.o

.debug_line     0x00000000    0x1aece
 .debug_line    0x00000000      0xc29 ./Core/Src/AT42QT1070_BC.o
 .debug_line    0x00000c29      0x9ca ./Core/Src/alarm.o
 .debug_line    0x000015f3     0x13ba ./Core/Src/main.o
 .debug_line    0x000029ad      0xb28 ./Core/Src/sevSeg_shift_BC.o
 .debug_line    0x000034d5      0xac1 ./Core/Src/stm32g0xx_hal_msp.o
 .debug_line    0x00003f96      0x92c ./Core/Src/stm32g0xx_it.o
 .debug_line    0x000048c2      0x87b ./Core/Src/system_stm32g0xx.o
 .debug_line    0x0000513d       0x7b ./Core/Startup/startup_stm32g031c8tx.o
 .debug_line    0x000051b8      0xbc9 ./Drivers/STM32G0xx_HAL_Driver/Src/stm32g0xx_hal.o
 .debug_line    0x00005d81      0xc56 ./Drivers/STM32G0xx_HAL_Driver/Src/stm32g0xx_hal_cortex.o
 .debug_line    0x000069d7      0xe58 ./Drivers/STM32G0xx_HAL_Driver/Src/stm32g0xx_hal_dma.o
 .debug_line    0x0000782f      0xc3a ./Drivers/STM32G0xx_HAL_Driver/Src/stm32g0xx_hal_gpio.o
 .debug_line    0x00008469     0x3af3 ./Drivers/STM32G0xx_HAL_Driver/Src/stm32g0xx_hal_i2c.o
 .debug_line    0x0000bf5c      0xa26 ./Drivers/STM32G0xx_HAL_Driver/Src/stm32g0xx_hal_i2c_ex.o
 .debug_line    0x0000c982     0x1169 ./Drivers/STM32G0xx_HAL_Driver/Src/stm32g0xx_hal_i2s.o
 .debug_line    0x0000daeb      0x963 ./Drivers/STM32G0xx_HAL_Driver/Src/stm32g0xx_hal_pwr.o
 .debug_line    0x0000e44e      0xb9a ./Drivers/STM32G0xx_HAL_Driver/Src/stm32g0xx_hal_pwr_ex.o
 .debug_line    0x0000efe8      0xfda ./Drivers/STM32G0xx_HAL_Driver/Src/stm32g0xx_hal_rcc.o
 .debug_line    0x0000ffc2      0xd0a ./Drivers/STM32G0xx_HAL_Driver/Src/stm32g0xx_hal_rcc_ex.o
 .debug_line    0x00010ccc     0x121f ./Drivers/STM32G0xx_HAL_Driver/Src/stm32g0xx_hal_rtc.o
 .debug_line    0x00011eeb     0x1607 ./Drivers/STM32G0xx_HAL_Driver/Src/stm32g0xx_hal_rtc_ex.o
 .debug_line    0x000134f2     0x2004 ./Drivers/STM32G0xx_HAL_Driver/Src/stm32g0xx_hal_spi.o
 .debug_line    0x000154f6     0x3ce8 ./Drivers/STM32G0xx_HAL_Driver/Src/stm32g0xx_hal_tim.o
 .debug_line    0x000191de     0x1cf0 ./Drivers/STM32G0xx_HAL_Driver/Src/stm32g0xx_hal_tim_ex.o

.debug_str      0x00000000    0x9c459
 .debug_str     0x00000000    0x95383 ./Core/Src/AT42QT1070_BC.o
                              0x959df (size before relaxing)
 .debug_str     0x00095383      0x961 ./Core/Src/alarm.o
                              0x94b5a (size before relaxing)
 .debug_str     0x00095ce4     0x1a06 ./Core/Src/main.o
                              0x97c66 (size before relaxing)
 .debug_str     0x000976ea      0x116 ./Core/Src/sevSeg_shift_BC.o
                              0x95055 (size before relaxing)
 .debug_str     0x00097800      0x265 ./Core/Src/stm32g0xx_hal_msp.o
                              0x9288e (size before relaxing)
 .debug_str     0x00097a65      0x17b ./Core/Src/stm32g0xx_it.o
                              0x91ed6 (size before relaxing)
 .debug_str     0x00097be0       0x8e ./Core/Src/system_stm32g0xx.o
                              0x911c3 (size before relaxing)
 .debug_str     0x00097c6e       0x44 ./Core/Startup/startup_stm32g031c8tx.o
                                 0x86 (size before relaxing)
 .debug_str     0x00097cb2      0x573 ./Drivers/STM32G0xx_HAL_Driver/Src/stm32g0xx_hal.o
                              0x91999 (size before relaxing)
 .debug_str     0x00098225      0x28b ./Drivers/STM32G0xx_HAL_Driver/Src/stm32g0xx_hal_cortex.o
                              0x9164d (size before relaxing)
 .debug_str     0x000984b0      0x288 ./Drivers/STM32G0xx_HAL_Driver/Src/stm32g0xx_hal_dma.o
                              0x9165d (size before relaxing)
 .debug_str     0x00098738       0xba ./Drivers/STM32G0xx_HAL_Driver/Src/stm32g0xx_hal_gpio.o
                              0x912f8 (size before relaxing)
 .debug_str     0x000987f2      0xd90 ./Drivers/STM32G0xx_HAL_Driver/Src/stm32g0xx_hal_i2c.o
                              0x92586 (size before relaxing)
 .debug_str     0x00099582       0xb8 ./Drivers/STM32G0xx_HAL_Driver/Src/stm32g0xx_hal_i2c_ex.o
                              0x91802 (size before relaxing)
 .debug_str     0x0009963a      0x28d ./Drivers/STM32G0xx_HAL_Driver/Src/stm32g0xx_hal_i2s.o
                              0x9183e (size before relaxing)
 .debug_str     0x000998c7      0x203 ./Drivers/STM32G0xx_HAL_Driver/Src/stm32g0xx_hal_pwr.o
                              0x913b8 (size before relaxing)
 .debug_str     0x00099aca      0x302 ./Drivers/STM32G0xx_HAL_Driver/Src/stm32g0xx_hal_pwr_ex.o
                              0x9163c (size before relaxing)
 .debug_str     0x00099dcc      0x49c ./Drivers/STM32G0xx_HAL_Driver/Src/stm32g0xx_hal_rcc.o
                              0x91919 (size before relaxing)
 .debug_str     0x0009a268      0x122 ./Drivers/STM32G0xx_HAL_Driver/Src/stm32g0xx_hal_rcc_ex.o
                              0x91552 (size before relaxing)
 .debug_str     0x0009a38a      0x1de ./Drivers/STM32G0xx_HAL_Driver/Src/stm32g0xx_hal_rtc.o
                              0x9168d (size before relaxing)
 .debug_str     0x0009a568      0x663 ./Drivers/STM32G0xx_HAL_Driver/Src/stm32g0xx_hal_rtc_ex.o
                              0x91ada (size before relaxing)
 .debug_str     0x0009abcb      0x534 ./Drivers/STM32G0xx_HAL_Driver/Src/stm32g0xx_hal_spi.o
                              0x91ba9 (size before relaxing)
 .debug_str     0x0009b0ff      0xd6a ./Drivers/STM32G0xx_HAL_Driver/Src/stm32g0xx_hal_tim.o
                              0x92705 (size before relaxing)
 .debug_str     0x0009be69      0x5f0 ./Drivers/STM32G0xx_HAL_Driver/Src/stm32g0xx_hal_tim_ex.o
                              0x92093 (size before relaxing)

.comment        0x00000000       0x43
 .comment       0x00000000       0x43 ./Core/Src/AT42QT1070_BC.o
                                 0x44 (size before relaxing)
 .comment       0x00000043       0x44 ./Core/Src/alarm.o
 .comment       0x00000043       0x44 ./Core/Src/main.o
 .comment       0x00000043       0x44 ./Core/Src/sevSeg_shift_BC.o
 .comment       0x00000043       0x44 ./Core/Src/stm32g0xx_hal_msp.o
 .comment       0x00000043       0x44 ./Core/Src/stm32g0xx_it.o
 .comment       0x00000043       0x44 ./Core/Src/system_stm32g0xx.o
 .comment       0x00000043       0x44 ./Drivers/STM32G0xx_HAL_Driver/Src/stm32g0xx_hal.o
 .comment       0x00000043       0x44 ./Drivers/STM32G0xx_HAL_Driver/Src/stm32g0xx_hal_cortex.o
 .comment       0x00000043       0x44 ./Drivers/STM32G0xx_HAL_Driver/Src/stm32g0xx_hal_dma.o
 .comment       0x00000043       0x44 ./Drivers/STM32G0xx_HAL_Driver/Src/stm32g0xx_hal_gpio.o
 .comment       0x00000043       0x44 ./Drivers/STM32G0xx_HAL_Driver/Src/stm32g0xx_hal_i2c.o
 .comment       0x00000043       0x44 ./Drivers/STM32G0xx_HAL_Driver/Src/stm32g0xx_hal_i2c_ex.o
 .comment       0x00000043       0x44 ./Drivers/STM32G0xx_HAL_Driver/Src/stm32g0xx_hal_i2s.o
 .comment       0x00000043       0x44 ./Drivers/STM32G0xx_HAL_Driver/Src/stm32g0xx_hal_pwr.o
 .comment       0x00000043       0x44 ./Drivers/STM32G0xx_HAL_Driver/Src/stm32g0xx_hal_pwr_ex.o
 .comment       0x00000043       0x44 ./Drivers/STM32G0xx_HAL_Driver/Src/stm32g0xx_hal_rcc.o
 .comment       0x00000043       0x44 ./Drivers/STM32G0xx_HAL_Driver/Src/stm32g0xx_hal_rcc_ex.o
 .comment       0x00000043       0x44 ./Drivers/STM32G0xx_HAL_Driver/Src/stm32g0xx_hal_rtc.o
 .comment       0x00000043       0x44 ./Drivers/STM32G0xx_HAL_Driver/Src/stm32g0xx_hal_rtc_ex.o
 .comment       0x00000043       0x44 ./Drivers/STM32G0xx_HAL_Driver/Src/stm32g0xx_hal_spi.o
 .comment       0x00000043       0x44 ./Drivers/STM32G0xx_HAL_Driver/Src/stm32g0xx_hal_tim.o
 .comment       0x00000043       0x44 ./Drivers/STM32G0xx_HAL_Driver/Src/stm32g0xx_hal_tim_ex.o

.debug_frame    0x00000000     0x504c
 .debug_frame   0x00000000      0x130 ./Core/Src/AT42QT1070_BC.o
 .debug_frame   0x00000130       0x54 ./Core/Src/alarm.o
 .debug_frame   0x00000184      0x440 ./Core/Src/main.o
 .debug_frame   0x000005c4       0x74 ./Core/Src/sevSeg_shift_BC.o
 .debug_frame   0x00000638      0x1d0 ./Core/Src/stm32g0xx_hal_msp.o
 .debug_frame   0x00000808      0x17c ./Core/Src/stm32g0xx_it.o
 .debug_frame   0x00000984       0x4c ./Core/Src/system_stm32g0xx.o
 .debug_frame   0x000009d0      0x3fc ./Drivers/STM32G0xx_HAL_Driver/Src/stm32g0xx_hal.o
 .debug_frame   0x00000dcc      0x33c ./Drivers/STM32G0xx_HAL_Driver/Src/stm32g0xx_hal_cortex.o
 .debug_frame   0x00001108      0x1f0 ./Drivers/STM32G0xx_HAL_Driver/Src/stm32g0xx_hal_dma.o
 .debug_frame   0x000012f8      0x130 ./Drivers/STM32G0xx_HAL_Driver/Src/stm32g0xx_hal_gpio.o
 .debug_frame   0x00001428      0xa68 ./Drivers/STM32G0xx_HAL_Driver/Src/stm32g0xx_hal_i2c.o
 .debug_frame   0x00001e90       0xd0 ./Drivers/STM32G0xx_HAL_Driver/Src/stm32g0xx_hal_i2c_ex.o
 .debug_frame   0x00001f60      0x3b0 ./Drivers/STM32G0xx_HAL_Driver/Src/stm32g0xx_hal_i2s.o
 .debug_frame   0x00002310      0x170 ./Drivers/STM32G0xx_HAL_Driver/Src/stm32g0xx_hal_pwr.o
 .debug_frame   0x00002480      0x32c ./Drivers/STM32G0xx_HAL_Driver/Src/stm32g0xx_hal_pwr_ex.o
 .debug_frame   0x000027ac      0x214 ./Drivers/STM32G0xx_HAL_Driver/Src/stm32g0xx_hal_rcc.o
 .debug_frame   0x000029c0       0xb0 ./Drivers/STM32G0xx_HAL_Driver/Src/stm32g0xx_hal_rcc_ex.o
 .debug_frame   0x00002a70      0x360 ./Drivers/STM32G0xx_HAL_Driver/Src/stm32g0xx_hal_rtc.o
 .debug_frame   0x00002dd0      0x578 ./Drivers/STM32G0xx_HAL_Driver/Src/stm32g0xx_hal_rtc_ex.o
 .debug_frame   0x00003348      0x710 ./Drivers/STM32G0xx_HAL_Driver/Src/stm32g0xx_hal_spi.o
 .debug_frame   0x00003a58      0xf40 ./Drivers/STM32G0xx_HAL_Driver/Src/stm32g0xx_hal_tim.o
 .debug_frame   0x00004998      0x620 ./Drivers/STM32G0xx_HAL_Driver/Src/stm32g0xx_hal_tim_ex.o
 .debug_frame   0x00004fb8       0x20 C:/ST/STM32CubeIDE_1.12.1/STM32CubeIDE/plugins/com.st.stm32cube.ide.mcu.externaltools.gnu-tools-for-stm32.12.3.rel1.win32_1.0.200.202406191623/tools/bin/../lib/gcc/arm-none-eabi/12.3.1/../../../../arm-none-eabi/lib/thumb/v6-m/nofp\libc_nano.a(libc_a-memset.o)
 .debug_frame   0x00004fd8       0x2c C:/ST/STM32CubeIDE_1.12.1/STM32CubeIDE/plugins/com.st.stm32cube.ide.mcu.externaltools.gnu-tools-for-stm32.12.3.rel1.win32_1.0.200.202406191623/tools/bin/../lib/gcc/arm-none-eabi/12.3.1/../../../../arm-none-eabi/lib/thumb/v6-m/nofp\libc_nano.a(libc_a-init.o)
 .debug_frame   0x00005004       0x28 C:/ST/STM32CubeIDE_1.12.1/STM32CubeIDE/plugins/com.st.stm32cube.ide.mcu.externaltools.gnu-tools-for-stm32.12.3.rel1.win32_1.0.200.202406191623/tools/bin/../lib/gcc/arm-none-eabi/12.3.1/../../../../arm-none-eabi/lib/thumb/v6-m/nofp\libc_nano.a(libc_a-memcpy-stub.o)
 .debug_frame   0x0000502c       0x20 C:/ST/STM32CubeIDE_1.12.1/STM32CubeIDE/plugins/com.st.stm32cube.ide.mcu.externaltools.gnu-tools-for-stm32.12.3.rel1.win32_1.0.200.202406191623/tools/bin/../lib/gcc/arm-none-eabi/12.3.1/thumb/v6-m/nofp\libgcc.a(_udivsi3.o)

.debug_line_str
                0x00000000       0x6a
 .debug_line_str
                0x00000000       0x6a ./Core/Startup/startup_stm32g031c8tx.o
