../Core/Src/main.c:312:5:main	96	static,ignoring_inline_asm
../Core/Src/main.c:511:6:SystemClock_Config	88	static
../Core/Src/main.c:565:13:MX_I2C1_Init	8	static
../Core/Src/main.c:613:13:MX_I2S1_Init	8	static
../Core/Src/main.c:645:13:MX_RTC_Init	56	static
../Core/Src/main.c:744:13:MX_SPI2_Init	8	static
../Core/Src/main.c:784:13:MX_TIM2_Init	48	static
../Core/Src/main.c:833:13:MX_TIM14_Init	8	static
../Core/Src/main.c:864:13:MX_TIM16_Init	8	static
../Core/Src/main.c:894:13:MX_DMA_Init	16	static
../Core/Src/main.c:915:13:MX_GPIO_Init	56	static
../Core/Src/main.c:1009:19:updateAndDisplayTime	32	static
../Core/Src/main.c:1036:19:updateAndDisplayAlarm	32	static
../Core/Src/main.c:1065:6:HAL_RTC_AlarmAEventCallback	64	static
../Core/Src/main.c:1100:6:userAlarmBeep	16	static
../Core/Src/main.c:1188:6:HAL_GPIO_EXTI_Falling_Callback	32	static,ignoring_inline_asm
../Core/Src/main.c:1244:6:HAL_GPIO_EXTI_Rising_Callback	16	static
../Core/Src/main.c:1260:6:HAL_TIM_PeriodElapsedCallback	16	static
../Core/Src/main.c:1273:19:displayButtonISR	16	static
../Core/Src/main.c:1294:19:alarmEnableISR	16	static,ignoring_inline_asm
../Core/Src/main.c:1329:19:alarmSetISR	16	static
../Core/Src/main.c:1419:19:hourSetISR	16	static
../Core/Src/main.c:1451:19:minuteSetISR	56	static
../Core/Src/main.c:1498:19:timeFormatSwitchISR	16	static
../Core/Src/main.c:1519:6:alarmHourInc	8	static,ignoring_inline_asm
../Core/Src/main.c:1548:6:currHourInc	8	static,ignoring_inline_asm
../Core/Src/main.c:1580:6:alarmMinuteInc	8	static,ignoring_inline_asm
../Core/Src/main.c:1605:6:currMinuteInc	8	static,ignoring_inline_asm
../Core/Src/main.c:1635:6:dispFault	8	static
../Core/Src/main.c:1642:6:dispFailure	16	static
../Core/Src/main.c:1672:6:updateRTCBackupReg	8	static
../Core/Src/main.c:1684:17:conv2Mil	48	static
../Core/Src/main.c:1710:6:startAudioStream	32	static,ignoring_inline_asm
../Core/Src/main.c:1762:6:stopAudioStream	8	static
../Core/Src/main.c:1770:6:HAL_SPI_TxCpltCallback	16	static
../Core/Src/main.c:1776:6:HAL_SPI_RxCpltCallback	16	static
../Core/Src/main.c:1782:6:HAL_I2S_TxHalfCpltCallback	16	static
../Core/Src/main.c:1788:6:HAL_I2S_TxCpltCallback	16	static
../Core/Src/main.c:1801:6:Error_Handler	8	static,ignoring_inline_asm
