../Core/Src/main.c:306:5:main	96	static,ignoring_inline_asm
../Core/Src/main.c:513:6:SystemClock_Config	88	static
../Core/Src/main.c:564:13:MX_I2C1_Init	8	static
../Core/Src/main.c:612:13:MX_I2S1_Init	8	static
../Core/Src/main.c:644:13:MX_RTC_Init	48	static
../Core/Src/main.c:735:13:MX_SPI2_Init	8	static
../Core/Src/main.c:775:13:MX_TIM2_Init	48	static
../Core/Src/main.c:824:13:MX_TIM14_Init	8	static
../Core/Src/main.c:855:13:MX_TIM16_Init	8	static
../Core/Src/main.c:892:13:MX_DMA_Init	16	static
../Core/Src/main.c:913:13:MX_GPIO_Init	56	static
../Core/Src/main.c:1001:19:updateAndDisplayTime	32	static
../Core/Src/main.c:1028:19:updateAndDisplayAlarm	32	static
../Core/Src/main.c:1057:6:HAL_RTC_AlarmAEventCallback	64	static
../Core/Src/main.c:1097:6:userAlarmBeep	16	static
../Core/Src/main.c:1191:6:HAL_GPIO_EXTI_Falling_Callback	32	static,ignoring_inline_asm
../Core/Src/main.c:1247:6:HAL_GPIO_EXTI_Rising_Callback	16	static
../Core/Src/main.c:1263:6:HAL_TIM_PeriodElapsedCallback	16	static
../Core/Src/main.c:1278:19:displayButtonISR	16	static
../Core/Src/main.c:1295:19:alarmEnableISR	16	static,ignoring_inline_asm
../Core/Src/main.c:1336:19:alarmSetISR	16	static
../Core/Src/main.c:1437:19:hourSetISR	16	static
../Core/Src/main.c:1469:19:minuteSetISR	56	static
../Core/Src/main.c:1520:19:timeFormatSwitchISR	16	static
../Core/Src/main.c:1541:6:alarmHourInc	8	static,ignoring_inline_asm
../Core/Src/main.c:1570:6:currHourInc	8	static,ignoring_inline_asm
../Core/Src/main.c:1602:6:alarmMinuteInc	8	static,ignoring_inline_asm
../Core/Src/main.c:1627:6:currMinuteInc	8	static,ignoring_inline_asm
../Core/Src/main.c:1657:6:dispFault	8	static
../Core/Src/main.c:1664:6:dispFailure	16	static
../Core/Src/main.c:1694:6:updateRTCBackupReg	8	static
../Core/Src/main.c:1706:17:conv2Mil	48	static
../Core/Src/main.c:1732:6:startAudioStream	8	static
../Core/Src/main.c:1751:6:stopAudioStream	8	static
../Core/Src/main.c:1768:6:HAL_I2S_TxHalfCpltCallback	16	static
../Core/Src/main.c:1776:6:HAL_I2S_TxCpltCallback	16	static
../Core/Src/main.c:1784:6:fillTxBuffer	24	static
../Core/Src/main.c:1806:6:HAL_I2S_ErrorCallback	16	static,ignoring_inline_asm
../Core/Src/main.c:1821:6:Error_Handler	8	static,ignoring_inline_asm
