../Core/Src/main.c:315:5:main	96	static,ignoring_inline_asm
../Core/Src/main.c:515:6:SystemClock_Config	88	static
../Core/Src/main.c:566:13:MX_I2C1_Init	8	static
../Core/Src/main.c:614:13:MX_I2S1_Init	8	static
../Core/Src/main.c:646:13:MX_RTC_Init	48	static
../Core/Src/main.c:744:13:MX_SPI2_Init	8	static
../Core/Src/main.c:784:13:MX_TIM2_Init	48	static
../Core/Src/main.c:833:13:MX_TIM14_Init	8	static
../Core/Src/main.c:864:13:MX_TIM16_Init	8	static
../Core/Src/main.c:894:13:MX_DMA_Init	16	static
../Core/Src/main.c:915:13:MX_GPIO_Init	56	static
../Core/Src/main.c:1003:19:updateAndDisplayTime	32	static
../Core/Src/main.c:1030:19:updateAndDisplayAlarm	32	static
../Core/Src/main.c:1059:6:HAL_RTC_AlarmAEventCallback	64	static
../Core/Src/main.c:1094:6:userAlarmBeep	16	static
../Core/Src/main.c:1182:6:HAL_GPIO_EXTI_Falling_Callback	32	static,ignoring_inline_asm
../Core/Src/main.c:1238:6:HAL_GPIO_EXTI_Rising_Callback	16	static
../Core/Src/main.c:1254:6:HAL_TIM_PeriodElapsedCallback	16	static
../Core/Src/main.c:1267:19:displayButtonISR	16	static
../Core/Src/main.c:1288:19:alarmEnableISR	16	static,ignoring_inline_asm
../Core/Src/main.c:1323:19:alarmSetISR	16	static
../Core/Src/main.c:1413:19:hourSetISR	16	static
../Core/Src/main.c:1445:19:minuteSetISR	56	static
../Core/Src/main.c:1492:19:timeFormatSwitchISR	16	static
../Core/Src/main.c:1513:6:alarmHourInc	8	static,ignoring_inline_asm
../Core/Src/main.c:1542:6:currHourInc	8	static,ignoring_inline_asm
../Core/Src/main.c:1574:6:alarmMinuteInc	8	static,ignoring_inline_asm
../Core/Src/main.c:1599:6:currMinuteInc	8	static,ignoring_inline_asm
../Core/Src/main.c:1629:6:dispFault	8	static
../Core/Src/main.c:1636:6:dispFailure	16	static
../Core/Src/main.c:1666:6:updateRTCBackupReg	8	static
../Core/Src/main.c:1678:17:conv2Mil	48	static
../Core/Src/main.c:1704:6:startAudioStream	32	static,ignoring_inline_asm
../Core/Src/main.c:1752:6:stopAudioStream	8	static
../Core/Src/main.c:1766:6:HAL_SPI_TxCpltCallback	16	static
../Core/Src/main.c:1772:6:HAL_SPI_RxCpltCallback	16	static
../Core/Src/main.c:1778:6:HAL_I2S_TxHalfCpltCallback	24	static,ignoring_inline_asm
../Core/Src/main.c:1794:6:HAL_I2S_TxCpltCallback	24	static
../Core/Src/main.c:1815:6:Error_Handler	8	static,ignoring_inline_asm
