../Core/Src/main.c:305:5:main	96	static,ignoring_inline_asm
../Core/Src/main.c:512:6:SystemClock_Config	88	static
../Core/Src/main.c:563:13:MX_I2C1_Init	8	static
../Core/Src/main.c:611:13:MX_I2S1_Init	8	static
../Core/Src/main.c:643:13:MX_RTC_Init	48	static
../Core/Src/main.c:734:13:MX_SPI2_Init	8	static
../Core/Src/main.c:774:13:MX_TIM2_Init	48	static
../Core/Src/main.c:823:13:MX_TIM14_Init	8	static
../Core/Src/main.c:854:13:MX_TIM16_Init	8	static
../Core/Src/main.c:884:13:MX_DMA_Init	16	static
../Core/Src/main.c:905:13:MX_GPIO_Init	56	static
../Core/Src/main.c:993:19:updateAndDisplayTime	32	static
../Core/Src/main.c:1020:19:updateAndDisplayAlarm	32	static
../Core/Src/main.c:1049:6:HAL_RTC_AlarmAEventCallback	64	static
../Core/Src/main.c:1084:6:userAlarmBeep	16	static
../Core/Src/main.c:1176:6:HAL_GPIO_EXTI_Falling_Callback	32	static,ignoring_inline_asm
../Core/Src/main.c:1232:6:HAL_GPIO_EXTI_Rising_Callback	16	static
../Core/Src/main.c:1248:6:HAL_TIM_PeriodElapsedCallback	16	static
../Core/Src/main.c:1261:19:displayButtonISR	16	static
../Core/Src/main.c:1282:19:alarmEnableISR	16	static,ignoring_inline_asm
../Core/Src/main.c:1317:19:alarmSetISR	16	static
../Core/Src/main.c:1407:19:hourSetISR	16	static
../Core/Src/main.c:1439:19:minuteSetISR	56	static
../Core/Src/main.c:1486:19:timeFormatSwitchISR	16	static
../Core/Src/main.c:1507:6:alarmHourInc	8	static,ignoring_inline_asm
../Core/Src/main.c:1536:6:currHourInc	8	static,ignoring_inline_asm
../Core/Src/main.c:1568:6:alarmMinuteInc	8	static,ignoring_inline_asm
../Core/Src/main.c:1593:6:currMinuteInc	8	static,ignoring_inline_asm
../Core/Src/main.c:1623:6:dispFault	8	static
../Core/Src/main.c:1630:6:dispFailure	16	static
../Core/Src/main.c:1660:6:updateRTCBackupReg	8	static
../Core/Src/main.c:1672:17:conv2Mil	48	static
../Core/Src/main.c:1698:6:startAudioStream	8	static
../Core/Src/main.c:1717:6:stopAudioStream	8	static
../Core/Src/main.c:1734:6:HAL_I2S_TxHalfCpltCallback	16	static
../Core/Src/main.c:1742:6:HAL_I2S_TxCpltCallback	16	static
../Core/Src/main.c:1750:6:fillTxBuffer	24	static
../Core/Src/main.c:1772:6:HAL_I2S_ErrorCallback	16	static,ignoring_inline_asm
../Core/Src/main.c:1787:6:Error_Handler	8	static,ignoring_inline_asm
