../Core/Src/main.c:312:5:main	96	static,ignoring_inline_asm
../Core/Src/main.c:511:6:SystemClock_Config	88	static
../Core/Src/main.c:565:13:MX_I2C1_Init	8	static
../Core/Src/main.c:613:13:MX_I2S1_Init	8	static
../Core/Src/main.c:645:13:MX_RTC_Init	48	static
../Core/Src/main.c:743:13:MX_SPI2_Init	8	static
../Core/Src/main.c:783:13:MX_TIM2_Init	48	static
../Core/Src/main.c:832:13:MX_TIM14_Init	8	static
../Core/Src/main.c:863:13:MX_TIM16_Init	8	static
../Core/Src/main.c:893:13:MX_DMA_Init	16	static
../Core/Src/main.c:914:13:MX_GPIO_Init	56	static
../Core/Src/main.c:1008:19:updateAndDisplayTime	32	static
../Core/Src/main.c:1035:19:updateAndDisplayAlarm	32	static
../Core/Src/main.c:1064:6:HAL_RTC_AlarmAEventCallback	64	static
../Core/Src/main.c:1099:6:userAlarmBeep	16	static
../Core/Src/main.c:1187:6:HAL_GPIO_EXTI_Falling_Callback	32	static,ignoring_inline_asm
../Core/Src/main.c:1243:6:HAL_GPIO_EXTI_Rising_Callback	16	static
../Core/Src/main.c:1259:6:HAL_TIM_PeriodElapsedCallback	16	static
../Core/Src/main.c:1272:19:displayButtonISR	16	static
../Core/Src/main.c:1293:19:alarmEnableISR	16	static,ignoring_inline_asm
../Core/Src/main.c:1328:19:alarmSetISR	16	static
../Core/Src/main.c:1418:19:hourSetISR	16	static
../Core/Src/main.c:1450:19:minuteSetISR	56	static
../Core/Src/main.c:1497:19:timeFormatSwitchISR	16	static
../Core/Src/main.c:1518:6:alarmHourInc	8	static,ignoring_inline_asm
../Core/Src/main.c:1547:6:currHourInc	8	static,ignoring_inline_asm
../Core/Src/main.c:1579:6:alarmMinuteInc	8	static,ignoring_inline_asm
../Core/Src/main.c:1604:6:currMinuteInc	8	static,ignoring_inline_asm
../Core/Src/main.c:1634:6:dispFault	8	static
../Core/Src/main.c:1641:6:dispFailure	16	static
../Core/Src/main.c:1671:6:updateRTCBackupReg	8	static
../Core/Src/main.c:1683:17:conv2Mil	48	static
../Core/Src/main.c:1709:6:startAudioStream	32	static,ignoring_inline_asm
../Core/Src/main.c:1751:6:stopAudioStream	8	static
../Core/Src/main.c:1761:6:Error_Handler	8	static,ignoring_inline_asm
