../Core/Src/main.c:304:5:main	96	static,ignoring_inline_asm
../Core/Src/main.c:504:6:SystemClock_Config	88	static
../Core/Src/main.c:555:13:MX_I2C1_Init	8	static
../Core/Src/main.c:603:13:MX_I2S1_Init	8	static
../Core/Src/main.c:635:13:MX_RTC_Init	48	static
../Core/Src/main.c:726:13:MX_SPI2_Init	8	static
../Core/Src/main.c:766:13:MX_TIM2_Init	48	static
../Core/Src/main.c:815:13:MX_TIM14_Init	8	static
../Core/Src/main.c:846:13:MX_TIM16_Init	8	static
../Core/Src/main.c:876:13:MX_DMA_Init	16	static
../Core/Src/main.c:897:13:MX_GPIO_Init	56	static
../Core/Src/main.c:985:19:updateAndDisplayTime	32	static
../Core/Src/main.c:1012:19:updateAndDisplayAlarm	32	static
../Core/Src/main.c:1041:6:HAL_RTC_AlarmAEventCallback	64	static
../Core/Src/main.c:1076:6:userAlarmBeep	16	static
../Core/Src/main.c:1164:6:HAL_GPIO_EXTI_Falling_Callback	32	static,ignoring_inline_asm
../Core/Src/main.c:1220:6:HAL_GPIO_EXTI_Rising_Callback	16	static
../Core/Src/main.c:1236:6:HAL_TIM_PeriodElapsedCallback	16	static
../Core/Src/main.c:1249:19:displayButtonISR	16	static
../Core/Src/main.c:1270:19:alarmEnableISR	16	static,ignoring_inline_asm
../Core/Src/main.c:1305:19:alarmSetISR	16	static
../Core/Src/main.c:1395:19:hourSetISR	16	static
../Core/Src/main.c:1427:19:minuteSetISR	56	static
../Core/Src/main.c:1474:19:timeFormatSwitchISR	16	static
../Core/Src/main.c:1495:6:alarmHourInc	8	static,ignoring_inline_asm
../Core/Src/main.c:1524:6:currHourInc	8	static,ignoring_inline_asm
../Core/Src/main.c:1556:6:alarmMinuteInc	8	static,ignoring_inline_asm
../Core/Src/main.c:1581:6:currMinuteInc	8	static,ignoring_inline_asm
../Core/Src/main.c:1611:6:dispFault	8	static
../Core/Src/main.c:1618:6:dispFailure	16	static
../Core/Src/main.c:1648:6:updateRTCBackupReg	8	static
../Core/Src/main.c:1660:17:conv2Mil	48	static
../Core/Src/main.c:1686:6:startAudioStream	8	static
../Core/Src/main.c:1705:6:stopAudioStream	8	static
../Core/Src/main.c:1719:6:HAL_I2S_TxHalfCpltCallback	16	static
../Core/Src/main.c:1729:6:HAL_I2S_TxCpltCallback	16	static
../Core/Src/main.c:1739:6:fillTxBuffer	24	static
../Core/Src/main.c:1783:6:Error_Handler	8	static,ignoring_inline_asm
