../Core/Src/main.c:302:5:main	96	static,ignoring_inline_asm
../Core/Src/main.c:502:6:SystemClock_Config	88	static
../Core/Src/main.c:553:13:MX_I2C1_Init	8	static
../Core/Src/main.c:601:13:MX_I2S1_Init	8	static
../Core/Src/main.c:633:13:MX_RTC_Init	48	static
../Core/Src/main.c:731:13:MX_SPI2_Init	8	static
../Core/Src/main.c:771:13:MX_TIM2_Init	48	static
../Core/Src/main.c:820:13:MX_TIM14_Init	8	static
../Core/Src/main.c:851:13:MX_TIM16_Init	8	static
../Core/Src/main.c:881:13:MX_DMA_Init	16	static
../Core/Src/main.c:902:13:MX_GPIO_Init	56	static
../Core/Src/main.c:990:19:updateAndDisplayTime	32	static
../Core/Src/main.c:1017:19:updateAndDisplayAlarm	32	static
../Core/Src/main.c:1046:6:HAL_RTC_AlarmAEventCallback	64	static
../Core/Src/main.c:1081:6:userAlarmBeep	16	static
../Core/Src/main.c:1169:6:HAL_GPIO_EXTI_Falling_Callback	32	static,ignoring_inline_asm
../Core/Src/main.c:1225:6:HAL_GPIO_EXTI_Rising_Callback	16	static
../Core/Src/main.c:1241:6:HAL_TIM_PeriodElapsedCallback	16	static
../Core/Src/main.c:1254:19:displayButtonISR	16	static
../Core/Src/main.c:1275:19:alarmEnableISR	16	static,ignoring_inline_asm
../Core/Src/main.c:1310:19:alarmSetISR	16	static
../Core/Src/main.c:1400:19:hourSetISR	16	static
../Core/Src/main.c:1432:19:minuteSetISR	56	static
../Core/Src/main.c:1479:19:timeFormatSwitchISR	16	static
../Core/Src/main.c:1500:6:alarmHourInc	8	static,ignoring_inline_asm
../Core/Src/main.c:1529:6:currHourInc	8	static,ignoring_inline_asm
../Core/Src/main.c:1561:6:alarmMinuteInc	8	static,ignoring_inline_asm
../Core/Src/main.c:1586:6:currMinuteInc	8	static,ignoring_inline_asm
../Core/Src/main.c:1616:6:dispFault	8	static
../Core/Src/main.c:1623:6:dispFailure	16	static
../Core/Src/main.c:1653:6:updateRTCBackupReg	8	static
../Core/Src/main.c:1665:17:conv2Mil	48	static
../Core/Src/main.c:1691:6:startAudioStream	8	static
../Core/Src/main.c:1706:6:stopAudioStream	8	static
../Core/Src/main.c:1720:6:HAL_I2S_TxHalfCpltCallback	16	static
../Core/Src/main.c:1727:6:HAL_I2S_TxCpltCallback	16	static
../Core/Src/main.c:1735:6:fillTxBuffer	24	static
../Core/Src/main.c:1768:6:Error_Handler	8	static,ignoring_inline_asm
