../Core/Src/main.c:316:5:main	96	static,ignoring_inline_asm
../Core/Src/main.c:516:6:SystemClock_Config	88	static
../Core/Src/main.c:567:13:MX_I2C1_Init	8	static
../Core/Src/main.c:615:13:MX_I2S1_Init	8	static
../Core/Src/main.c:647:13:MX_RTC_Init	48	static
../Core/Src/main.c:745:13:MX_SPI2_Init	8	static
../Core/Src/main.c:785:13:MX_TIM2_Init	48	static
../Core/Src/main.c:834:13:MX_TIM14_Init	8	static
../Core/Src/main.c:865:13:MX_TIM16_Init	8	static
../Core/Src/main.c:895:13:MX_DMA_Init	16	static
../Core/Src/main.c:916:13:MX_GPIO_Init	56	static
../Core/Src/main.c:1004:19:updateAndDisplayTime	32	static
../Core/Src/main.c:1031:19:updateAndDisplayAlarm	32	static
../Core/Src/main.c:1060:6:HAL_RTC_AlarmAEventCallback	64	static
../Core/Src/main.c:1095:6:userAlarmBeep	16	static
../Core/Src/main.c:1183:6:HAL_GPIO_EXTI_Falling_Callback	32	static,ignoring_inline_asm
../Core/Src/main.c:1239:6:HAL_GPIO_EXTI_Rising_Callback	16	static
../Core/Src/main.c:1255:6:HAL_TIM_PeriodElapsedCallback	16	static
../Core/Src/main.c:1268:19:displayButtonISR	16	static
../Core/Src/main.c:1289:19:alarmEnableISR	16	static,ignoring_inline_asm
../Core/Src/main.c:1324:19:alarmSetISR	16	static
../Core/Src/main.c:1414:19:hourSetISR	16	static
../Core/Src/main.c:1446:19:minuteSetISR	56	static
../Core/Src/main.c:1493:19:timeFormatSwitchISR	16	static
../Core/Src/main.c:1514:6:alarmHourInc	8	static,ignoring_inline_asm
../Core/Src/main.c:1543:6:currHourInc	8	static,ignoring_inline_asm
../Core/Src/main.c:1575:6:alarmMinuteInc	8	static,ignoring_inline_asm
../Core/Src/main.c:1600:6:currMinuteInc	8	static,ignoring_inline_asm
../Core/Src/main.c:1630:6:dispFault	8	static
../Core/Src/main.c:1637:6:dispFailure	16	static
../Core/Src/main.c:1667:6:updateRTCBackupReg	8	static
../Core/Src/main.c:1679:17:conv2Mil	48	static
../Core/Src/main.c:1705:6:startAudioStream	32	static,ignoring_inline_asm
../Core/Src/main.c:1753:6:stopAudioStream	8	static
../Core/Src/main.c:1767:6:HAL_SPI_TxCpltCallback	16	static
../Core/Src/main.c:1773:6:HAL_SPI_RxCpltCallback	16	static
../Core/Src/main.c:1779:6:HAL_I2S_TxHalfCpltCallback	24	static,ignoring_inline_asm
../Core/Src/main.c:1800:6:HAL_I2S_TxCpltCallback	24	static
../Core/Src/main.c:1821:6:Error_Handler	8	static,ignoring_inline_asm
