../Core/Src/main.c:298:5:main	96	static,ignoring_inline_asm
../Core/Src/main.c:498:6:SystemClock_Config	88	static
../Core/Src/main.c:549:13:MX_I2C1_Init	8	static
../Core/Src/main.c:597:13:MX_I2S1_Init	8	static
../Core/Src/main.c:629:13:MX_RTC_Init	48	static
../Core/Src/main.c:727:13:MX_SPI2_Init	8	static
../Core/Src/main.c:767:13:MX_TIM2_Init	48	static
../Core/Src/main.c:816:13:MX_TIM14_Init	8	static
../Core/Src/main.c:847:13:MX_TIM16_Init	8	static
../Core/Src/main.c:877:13:MX_DMA_Init	16	static
../Core/Src/main.c:898:13:MX_GPIO_Init	56	static
../Core/Src/main.c:986:19:updateAndDisplayTime	32	static
../Core/Src/main.c:1013:19:updateAndDisplayAlarm	32	static
../Core/Src/main.c:1042:6:HAL_RTC_AlarmAEventCallback	64	static
../Core/Src/main.c:1077:6:userAlarmBeep	16	static
../Core/Src/main.c:1165:6:HAL_GPIO_EXTI_Falling_Callback	32	static,ignoring_inline_asm
../Core/Src/main.c:1221:6:HAL_GPIO_EXTI_Rising_Callback	16	static
../Core/Src/main.c:1237:6:HAL_TIM_PeriodElapsedCallback	16	static
../Core/Src/main.c:1250:19:displayButtonISR	16	static
../Core/Src/main.c:1271:19:alarmEnableISR	16	static,ignoring_inline_asm
../Core/Src/main.c:1306:19:alarmSetISR	16	static
../Core/Src/main.c:1396:19:hourSetISR	16	static
../Core/Src/main.c:1428:19:minuteSetISR	56	static
../Core/Src/main.c:1475:19:timeFormatSwitchISR	16	static
../Core/Src/main.c:1496:6:alarmHourInc	8	static,ignoring_inline_asm
../Core/Src/main.c:1525:6:currHourInc	8	static,ignoring_inline_asm
../Core/Src/main.c:1557:6:alarmMinuteInc	8	static,ignoring_inline_asm
../Core/Src/main.c:1582:6:currMinuteInc	8	static,ignoring_inline_asm
../Core/Src/main.c:1612:6:dispFault	8	static
../Core/Src/main.c:1619:6:dispFailure	16	static
../Core/Src/main.c:1649:6:updateRTCBackupReg	8	static
../Core/Src/main.c:1661:17:conv2Mil	48	static
../Core/Src/main.c:1687:6:startAudioStream	8	static
../Core/Src/main.c:1702:6:stopAudioStream	8	static
../Core/Src/main.c:1716:6:HAL_I2S_TxHalfCpltCallback	24	static,ignoring_inline_asm
../Core/Src/main.c:1738:6:HAL_I2S_TxCpltCallback	24	static
../Core/Src/main.c:1763:6:Error_Handler	8	static,ignoring_inline_asm
