../Core/Src/main.c:312:5:main	72	static,ignoring_inline_asm
../Core/Src/main.c:499:6:SystemClock_Config	88	static
../Core/Src/main.c:553:13:MX_I2C1_Init	8	static
../Core/Src/main.c:601:13:MX_I2S1_Init	8	static
../Core/Src/main.c:633:13:MX_RTC_Init	48	static
../Core/Src/main.c:731:13:MX_SPI2_Init	8	static
../Core/Src/main.c:771:13:MX_TIM2_Init	48	static
../Core/Src/main.c:820:13:MX_TIM14_Init	8	static
../Core/Src/main.c:851:13:MX_TIM16_Init	8	static
../Core/Src/main.c:881:13:MX_DMA_Init	16	static
../Core/Src/main.c:902:13:MX_GPIO_Init	56	static
../Core/Src/main.c:996:19:updateAndDisplayTime	32	static
../Core/Src/main.c:1023:19:updateAndDisplayAlarm	32	static
../Core/Src/main.c:1052:6:HAL_RTC_AlarmAEventCallback	64	static
../Core/Src/main.c:1087:6:userAlarmBeep	16	static
../Core/Src/main.c:1175:6:HAL_GPIO_EXTI_Falling_Callback	32	static,ignoring_inline_asm
../Core/Src/main.c:1231:6:HAL_GPIO_EXTI_Rising_Callback	16	static
../Core/Src/main.c:1247:6:HAL_TIM_PeriodElapsedCallback	16	static
../Core/Src/main.c:1260:19:displayButtonISR	16	static
../Core/Src/main.c:1281:19:alarmEnableISR	16	static,ignoring_inline_asm
../Core/Src/main.c:1316:19:alarmSetISR	16	static
../Core/Src/main.c:1406:19:hourSetISR	16	static
../Core/Src/main.c:1438:19:minuteSetISR	56	static
../Core/Src/main.c:1485:19:timeFormatSwitchISR	16	static
../Core/Src/main.c:1506:6:alarmHourInc	8	static,ignoring_inline_asm
../Core/Src/main.c:1535:6:currHourInc	8	static,ignoring_inline_asm
../Core/Src/main.c:1567:6:alarmMinuteInc	8	static,ignoring_inline_asm
../Core/Src/main.c:1592:6:currMinuteInc	8	static,ignoring_inline_asm
../Core/Src/main.c:1622:6:dispFault	8	static
../Core/Src/main.c:1629:6:dispFailure	16	static
../Core/Src/main.c:1659:6:updateRTCBackupReg	8	static
../Core/Src/main.c:1671:17:conv2Mil	48	static
../Core/Src/main.c:1697:6:startAudioStream	8	static
../Core/Src/main.c:1704:6:stopAudioStream	8	static
../Core/Src/main.c:1714:6:Error_Handler	8	static,ignoring_inline_asm
