../Core/Src/main.c:302:5:main	96	static,ignoring_inline_asm
../Core/Src/main.c:501:6:SystemClock_Config	88	static
../Core/Src/main.c:552:13:MX_I2C1_Init	8	static
../Core/Src/main.c:600:13:MX_I2S1_Init	8	static
../Core/Src/main.c:632:13:MX_RTC_Init	48	static
../Core/Src/main.c:730:13:MX_SPI2_Init	8	static
../Core/Src/main.c:770:13:MX_TIM2_Init	48	static
../Core/Src/main.c:819:13:MX_TIM14_Init	8	static
../Core/Src/main.c:850:13:MX_TIM16_Init	8	static
../Core/Src/main.c:880:13:MX_DMA_Init	16	static
../Core/Src/main.c:901:13:MX_GPIO_Init	56	static
../Core/Src/main.c:989:19:updateAndDisplayTime	32	static
../Core/Src/main.c:1016:19:updateAndDisplayAlarm	32	static
../Core/Src/main.c:1045:6:HAL_RTC_AlarmAEventCallback	64	static
../Core/Src/main.c:1080:6:userAlarmBeep	16	static
../Core/Src/main.c:1168:6:HAL_GPIO_EXTI_Falling_Callback	32	static,ignoring_inline_asm
../Core/Src/main.c:1224:6:HAL_GPIO_EXTI_Rising_Callback	16	static
../Core/Src/main.c:1240:6:HAL_TIM_PeriodElapsedCallback	16	static
../Core/Src/main.c:1253:19:displayButtonISR	16	static
../Core/Src/main.c:1274:19:alarmEnableISR	16	static,ignoring_inline_asm
../Core/Src/main.c:1309:19:alarmSetISR	16	static
../Core/Src/main.c:1399:19:hourSetISR	16	static
../Core/Src/main.c:1431:19:minuteSetISR	56	static
../Core/Src/main.c:1478:19:timeFormatSwitchISR	16	static
../Core/Src/main.c:1499:6:alarmHourInc	8	static,ignoring_inline_asm
../Core/Src/main.c:1528:6:currHourInc	8	static,ignoring_inline_asm
../Core/Src/main.c:1560:6:alarmMinuteInc	8	static,ignoring_inline_asm
../Core/Src/main.c:1585:6:currMinuteInc	8	static,ignoring_inline_asm
../Core/Src/main.c:1615:6:dispFault	8	static
../Core/Src/main.c:1622:6:dispFailure	16	static
../Core/Src/main.c:1652:6:updateRTCBackupReg	8	static
../Core/Src/main.c:1664:17:conv2Mil	48	static
../Core/Src/main.c:1690:6:startAudioStream	8	static
../Core/Src/main.c:1709:6:stopAudioStream	8	static
../Core/Src/main.c:1723:6:HAL_I2S_TxHalfCpltCallback	16	static
../Core/Src/main.c:1730:6:HAL_I2S_TxCpltCallback	16	static
../Core/Src/main.c:1738:6:fillTxBuffer	24	static,ignoring_inline_asm
../Core/Src/main.c:1771:6:Error_Handler	8	static,ignoring_inline_asm
